[2024-04-06T11:27:38.501+0200][gc,init] CardTable entry size: 512
[2024-04-06T11:27:38.502+0200][gc     ] Using G1
[2024-04-06T11:27:38.510+0200][gc,init] Version: 21.0.2+13-LTS-58 (release)
[2024-04-06T11:27:38.510+0200][gc,init] CPUs: 4 total, 4 available
[2024-04-06T11:27:38.510+0200][gc,init] Memory: 16159M
[2024-04-06T11:27:38.510+0200][gc,init] Large Page Support: Disabled
[2024-04-06T11:27:38.510+0200][gc,init] NUMA Support: Disabled
[2024-04-06T11:27:38.510+0200][gc,init] Compressed Oops: Enabled (32-bit)
[2024-04-06T11:27:38.510+0200][gc,init] Heap Region Size: 1M
[2024-04-06T11:27:38.510+0200][gc,init] Heap Min Capacity: 1G
[2024-04-06T11:27:38.510+0200][gc,init] Heap Initial Capacity: 1G
[2024-04-06T11:27:38.510+0200][gc,init] Heap Max Capacity: 1G
[2024-04-06T11:27:38.510+0200][gc,init] Pre-touch: Disabled
[2024-04-06T11:27:38.510+0200][gc,init] Parallel Workers: 4
[2024-04-06T11:27:38.510+0200][gc,init] Concurrent Workers: 1
[2024-04-06T11:27:38.510+0200][gc,init] Concurrent Refinement Workers: 4
[2024-04-06T11:27:38.510+0200][gc,init] Periodic GC: Disabled
[2024-04-06T11:27:38.523+0200][gc,metaspace] CDS archive(s) mapped at: [0x000002000f000000-0x000002000fc90000-0x000002000fc90000), size 13172736, SharedBaseAddress: 0x000002000f000000, ArchiveRelocationMode: 1.
[2024-04-06T11:27:38.523+0200][gc,metaspace] Compressed class space mapped at: 0x0000020010000000-0x0000020050000000, reserved size: 1073741824
[2024-04-06T11:27:38.523+0200][gc,metaspace] Narrow klass base: 0x000002000f000000, Narrow klass shift: 0, Narrow klass range: 0x100000000
[2024-04-06T11:27:40.615+0200][gc,start    ] GC(0) Pause Young (Normal) (G1 Evacuation Pause)
[2024-04-06T11:27:40.615+0200][gc,task     ] GC(0) Using 4 workers of 4 for evacuation
[2024-04-06T11:27:40.623+0200][gc,phases   ] GC(0)   Pre Evacuate Collection Set: 0.2ms
[2024-04-06T11:27:40.623+0200][gc,phases   ] GC(0)   Merge Heap Roots: 0.1ms
[2024-04-06T11:27:40.623+0200][gc,phases   ] GC(0)   Evacuate Collection Set: 6.3ms
[2024-04-06T11:27:40.623+0200][gc,phases   ] GC(0)   Post Evacuate Collection Set: 1.0ms
[2024-04-06T11:27:40.623+0200][gc,phases   ] GC(0)   Other: 0.2ms
[2024-04-06T11:27:40.623+0200][gc,heap     ] GC(0) Eden regions: 51->0(44)
[2024-04-06T11:27:40.623+0200][gc,heap     ] GC(0) Survivor regions: 0->7(7)
[2024-04-06T11:27:40.623+0200][gc,heap     ] GC(0) Old regions: 0->2
[2024-04-06T11:27:40.623+0200][gc,heap     ] GC(0) Humongous regions: 0->0
[2024-04-06T11:27:40.623+0200][gc,metaspace] GC(0) Metaspace: 17679K(17920K)->17679K(17920K) NonClass: 15637K(15744K)->15637K(15744K) Class: 2041K(2176K)->2041K(2176K)
[2024-04-06T11:27:40.623+0200][gc          ] GC(0) Pause Young (Normal) (G1 Evacuation Pause) 51M->8M(1024M) 8.097ms
[2024-04-06T11:27:40.623+0200][gc,cpu      ] GC(0) User=0.00s Sys=0.02s Real=0.01s
[2024-04-06T11:27:41.083+0200][gc,start    ] GC(1) Pause Young (Concurrent Start) (Metadata GC Threshold)
[2024-04-06T11:27:41.083+0200][gc,task     ] GC(1) Using 4 workers of 4 for evacuation
[2024-04-06T11:27:41.088+0200][gc,phases   ] GC(1)   Pre Evacuate Collection Set: 0.2ms
[2024-04-06T11:27:41.088+0200][gc,phases   ] GC(1)   Merge Heap Roots: 0.0ms
[2024-04-06T11:27:41.088+0200][gc,phases   ] GC(1)   Evacuate Collection Set: 4.6ms
[2024-04-06T11:27:41.088+0200][gc,phases   ] GC(1)   Post Evacuate Collection Set: 0.6ms
[2024-04-06T11:27:41.088+0200][gc,phases   ] GC(1)   Other: 0.1ms
[2024-04-06T11:27:41.088+0200][gc,heap     ] GC(1) Eden regions: 13->0(50)
[2024-04-06T11:27:41.088+0200][gc,heap     ] GC(1) Survivor regions: 7->1(7)
[2024-04-06T11:27:41.088+0200][gc,heap     ] GC(1) Old regions: 2->9
[2024-04-06T11:27:41.088+0200][gc,heap     ] GC(1) Humongous regions: 0->0
[2024-04-06T11:27:41.088+0200][gc,metaspace] GC(1) Metaspace: 21347K(21504K)->21347K(21504K) NonClass: 18869K(18944K)->18869K(18944K) Class: 2478K(2560K)->2478K(2560K)
[2024-04-06T11:27:41.088+0200][gc          ] GC(1) Pause Young (Concurrent Start) (Metadata GC Threshold) 21M->10M(1024M) 5.910ms
[2024-04-06T11:27:41.089+0200][gc          ] GC(2) Concurrent Mark Cycle
[2024-04-06T11:27:41.089+0200][gc,cpu      ] GC(1) User=0.02s Sys=0.00s Real=0.01s
[2024-04-06T11:27:41.089+0200][gc,marking  ] GC(2) Concurrent Scan Root Regions
[2024-04-06T11:27:41.092+0200][gc,marking  ] GC(2) Concurrent Scan Root Regions 3.598ms
[2024-04-06T11:27:41.092+0200][gc,marking  ] GC(2) Concurrent Mark
[2024-04-06T11:27:41.092+0200][gc,marking  ] GC(2) Concurrent Mark From Roots
[2024-04-06T11:27:41.092+0200][gc,task     ] GC(2) Using 1 workers of 1 for marking
[2024-04-06T11:27:41.096+0200][gc,marking  ] GC(2) Concurrent Mark From Roots 3.647ms
[2024-04-06T11:27:41.097+0200][gc,marking  ] GC(2) Concurrent Preclean
[2024-04-06T11:27:41.097+0200][gc,marking  ] GC(2) Concurrent Preclean 0.022ms
[2024-04-06T11:27:41.097+0200][gc,start    ] GC(2) Pause Remark
[2024-04-06T11:27:41.099+0200][gc          ] GC(2) Pause Remark 10M->10M(1024M) 2.238ms
[2024-04-06T11:27:41.099+0200][gc,cpu      ] GC(2) User=0.00s Sys=0.00s Real=0.00s
[2024-04-06T11:27:41.099+0200][gc,marking  ] GC(2) Concurrent Mark 6.609ms
[2024-04-06T11:27:41.099+0200][gc,marking  ] GC(2) Concurrent Rebuild Remembered Sets and Scrub Regions
[2024-04-06T11:27:41.101+0200][gc,marking  ] GC(2) Concurrent Rebuild Remembered Sets and Scrub Regions 1.765ms
[2024-04-06T11:27:41.101+0200][gc,start    ] GC(2) Pause Cleanup
[2024-04-06T11:27:41.101+0200][gc          ] GC(2) Pause Cleanup 10M->10M(1024M) 0.044ms
[2024-04-06T11:27:41.101+0200][gc,cpu      ] GC(2) User=0.00s Sys=0.00s Real=0.00s
[2024-04-06T11:27:41.101+0200][gc,marking  ] GC(2) Concurrent Clear Claimed Marks
[2024-04-06T11:27:41.101+0200][gc,marking  ] GC(2) Concurrent Clear Claimed Marks 0.023ms
[2024-04-06T11:27:41.101+0200][gc,marking  ] GC(2) Concurrent Cleanup for Next Mark
[2024-04-06T11:27:41.111+0200][gc,marking  ] GC(2) Concurrent Cleanup for Next Mark 9.319ms
[2024-04-06T11:27:41.111+0200][gc          ] GC(2) Concurrent Mark Cycle 22.067ms
[2024-04-06T11:27:43.996+0200][gc,start    ] GC(3) Pause Young (Normal) (G1 Evacuation Pause)
[2024-04-06T11:27:43.996+0200][gc,task     ] GC(3) Using 4 workers of 4 for evacuation
[2024-04-06T11:27:44.002+0200][gc,phases   ] GC(3)   Pre Evacuate Collection Set: 0.2ms
[2024-04-06T11:27:44.002+0200][gc,phases   ] GC(3)   Merge Heap Roots: 0.1ms
[2024-04-06T11:27:44.002+0200][gc,phases   ] GC(3)   Evacuate Collection Set: 4.9ms
[2024-04-06T11:27:44.002+0200][gc,phases   ] GC(3)   Post Evacuate Collection Set: 0.6ms
[2024-04-06T11:27:44.002+0200][gc,phases   ] GC(3)   Other: 0.1ms
[2024-04-06T11:27:44.002+0200][gc,heap     ] GC(3) Eden regions: 50->0(45)
[2024-04-06T11:27:44.002+0200][gc,heap     ] GC(3) Survivor regions: 1->6(7)
[2024-04-06T11:27:44.002+0200][gc,heap     ] GC(3) Old regions: 9->9
[2024-04-06T11:27:44.002+0200][gc,heap     ] GC(3) Humongous regions: 129->129
[2024-04-06T11:27:44.002+0200][gc,metaspace] GC(3) Metaspace: 31243K(31552K)->31243K(31552K) NonClass: 27780K(27968K)->27780K(27968K) Class: 3462K(3584K)->3462K(3584K)
[2024-04-06T11:27:44.002+0200][gc          ] GC(3) Pause Young (Normal) (G1 Evacuation Pause) 189M->143M(1024M) 6.109ms
[2024-04-06T11:27:44.003+0200][gc,cpu      ] GC(3) User=0.00s Sys=0.00s Real=0.01s
[2024-04-06T11:27:44.657+0200][gc,start    ] GC(4) Pause Young (Concurrent Start) (Metadata GC Threshold)
[2024-04-06T11:27:44.657+0200][gc,task     ] GC(4) Using 4 workers of 4 for evacuation
[2024-04-06T11:27:44.664+0200][gc,phases   ] GC(4)   Pre Evacuate Collection Set: 0.2ms
[2024-04-06T11:27:44.664+0200][gc,phases   ] GC(4)   Merge Heap Roots: 0.0ms
[2024-04-06T11:27:44.664+0200][gc,phases   ] GC(4)   Evacuate Collection Set: 6.0ms
[2024-04-06T11:27:44.664+0200][gc,phases   ] GC(4)   Post Evacuate Collection Set: 0.5ms
[2024-04-06T11:27:44.664+0200][gc,phases   ] GC(4)   Other: 0.1ms
[2024-04-06T11:27:44.664+0200][gc,heap     ] GC(4) Eden regions: 18->0(49)
[2024-04-06T11:27:44.664+0200][gc,heap     ] GC(4) Survivor regions: 6->2(7)
[2024-04-06T11:27:44.664+0200][gc,heap     ] GC(4) Old regions: 9->15
[2024-04-06T11:27:44.664+0200][gc,heap     ] GC(4) Humongous regions: 129->129
[2024-04-06T11:27:44.664+0200][gc,metaspace] GC(4) Metaspace: 35809K(36096K)->35809K(36096K) NonClass: 31942K(32128K)->31942K(32128K) Class: 3866K(3968K)->3866K(3968K)
[2024-04-06T11:27:44.664+0200][gc          ] GC(4) Pause Young (Concurrent Start) (Metadata GC Threshold) 161M->144M(1024M) 7.157ms
[2024-04-06T11:27:44.664+0200][gc          ] GC(5) Concurrent Mark Cycle
[2024-04-06T11:27:44.664+0200][gc,cpu      ] GC(4) User=0.00s Sys=0.00s Real=0.01s
[2024-04-06T11:27:44.664+0200][gc,marking  ] GC(5) Concurrent Scan Root Regions
[2024-04-06T11:27:44.669+0200][gc,marking  ] GC(5) Concurrent Scan Root Regions 4.982ms
[2024-04-06T11:27:44.669+0200][gc,marking  ] GC(5) Concurrent Mark
[2024-04-06T11:27:44.669+0200][gc,marking  ] GC(5) Concurrent Mark From Roots
[2024-04-06T11:27:44.669+0200][gc,task     ] GC(5) Using 1 workers of 1 for marking
[2024-04-06T11:27:44.680+0200][gc,marking  ] GC(5) Concurrent Mark From Roots 11.080ms
[2024-04-06T11:27:44.681+0200][gc,marking  ] GC(5) Concurrent Preclean
[2024-04-06T11:27:44.681+0200][gc,marking  ] GC(5) Concurrent Preclean 0.053ms
[2024-04-06T11:27:44.681+0200][gc,start    ] GC(5) Pause Remark
[2024-04-06T11:27:44.683+0200][gc          ] GC(5) Pause Remark 146M->146M(1024M) 2.635ms
[2024-04-06T11:27:44.683+0200][gc,cpu      ] GC(5) User=0.00s Sys=0.00s Real=0.00s
[2024-04-06T11:27:44.684+0200][gc,marking  ] GC(5) Concurrent Mark 14.340ms
[2024-04-06T11:27:44.684+0200][gc,marking  ] GC(5) Concurrent Rebuild Remembered Sets and Scrub Regions
[2024-04-06T11:27:44.691+0200][gc,marking  ] GC(5) Concurrent Rebuild Remembered Sets and Scrub Regions 7.545ms
[2024-04-06T11:27:44.692+0200][gc,start    ] GC(5) Pause Cleanup
[2024-04-06T11:27:44.692+0200][gc          ] GC(5) Pause Cleanup 146M->146M(1024M) 0.178ms
[2024-04-06T11:27:44.692+0200][gc,cpu      ] GC(5) User=0.00s Sys=0.00s Real=0.00s
[2024-04-06T11:27:44.692+0200][gc,marking  ] GC(5) Concurrent Clear Claimed Marks
[2024-04-06T11:27:44.692+0200][gc,marking  ] GC(5) Concurrent Clear Claimed Marks 0.053ms
[2024-04-06T11:27:44.692+0200][gc,marking  ] GC(5) Concurrent Cleanup for Next Mark
[2024-04-06T11:27:44.696+0200][gc,marking  ] GC(5) Concurrent Cleanup for Next Mark 3.409ms
[2024-04-06T11:27:44.696+0200][gc          ] GC(5) Concurrent Mark Cycle 31.455ms
[2024-04-06T11:44:06.088+0200][gc,start    ] GC(6) Pause Young (Prepare Mixed) (G1 Evacuation Pause)
[2024-04-06T11:44:06.088+0200][gc,task     ] GC(6) Using 4 workers of 4 for evacuation
[2024-04-06T11:44:06.099+0200][gc,phases   ] GC(6)   Pre Evacuate Collection Set: 1.0ms
[2024-04-06T11:44:06.099+0200][gc,phases   ] GC(6)   Merge Heap Roots: 0.2ms
[2024-04-06T11:44:06.099+0200][gc,phases   ] GC(6)   Evacuate Collection Set: 8.9ms
[2024-04-06T11:44:06.099+0200][gc,phases   ] GC(6)   Post Evacuate Collection Set: 1.2ms
[2024-04-06T11:44:06.100+0200][gc,phases   ] GC(6)   Other: 0.2ms
[2024-04-06T11:44:06.100+0200][gc,heap     ] GC(6) Eden regions: 49->0(47)
[2024-04-06T11:44:06.100+0200][gc,heap     ] GC(6) Survivor regions: 2->4(7)
[2024-04-06T11:44:06.100+0200][gc,heap     ] GC(6) Old regions: 15->15
[2024-04-06T11:44:06.100+0200][gc,heap     ] GC(6) Humongous regions: 141->129
[2024-04-06T11:44:06.100+0200][gc,metaspace] GC(6) Metaspace: 40886K(41472K)->40886K(41472K) NonClass: 36228K(36544K)->36228K(36544K) Class: 4657K(4928K)->4657K(4928K)
[2024-04-06T11:44:06.100+0200][gc          ] GC(6) Pause Young (Prepare Mixed) (G1 Evacuation Pause) 205M->146M(1024M) 12.216ms
[2024-04-06T11:44:06.100+0200][gc,cpu      ] GC(6) User=0.00s Sys=0.00s Real=0.01s
[2024-04-06T16:21:17.420+0200][gc,start    ] GC(7) Pause Young (Mixed) (G1 Evacuation Pause)
[2024-04-06T16:21:17.420+0200][gc,task     ] GC(7) Using 4 workers of 4 for evacuation
[2024-04-06T16:21:17.425+0200][gc,phases   ] GC(7)   Pre Evacuate Collection Set: 0.2ms
[2024-04-06T16:21:17.425+0200][gc,phases   ] GC(7)   Merge Heap Roots: 0.1ms
[2024-04-06T16:21:17.425+0200][gc,phases   ] GC(7)   Evacuate Collection Set: 3.8ms
[2024-04-06T16:21:17.425+0200][gc,phases   ] GC(7)   Post Evacuate Collection Set: 0.6ms
[2024-04-06T16:21:17.425+0200][gc,phases   ] GC(7)   Other: 0.1ms
[2024-04-06T16:21:17.425+0200][gc,heap     ] GC(7) Eden regions: 47->0(47)
[2024-04-06T16:21:17.425+0200][gc,heap     ] GC(7) Survivor regions: 4->4(7)
[2024-04-06T16:21:17.425+0200][gc,heap     ] GC(7) Old regions: 15->14
[2024-04-06T16:21:17.425+0200][gc,heap     ] GC(7) Humongous regions: 129->129
[2024-04-06T16:21:17.425+0200][gc,metaspace] GC(7) Metaspace: 41104K(41728K)->41104K(41728K) NonClass: 36435K(36800K)->36435K(36800K) Class: 4668K(4928K)->4668K(4928K)
[2024-04-06T16:21:17.425+0200][gc          ] GC(7) Pause Young (Mixed) (G1 Evacuation Pause) 193M->146M(1024M) 5.304ms
[2024-04-06T16:21:17.425+0200][gc,cpu      ] GC(7) User=0.03s Sys=0.00s Real=0.00s
[2024-04-06T16:21:21.397+0200][gc,start    ] GC(8) Pause Young (Normal) (G1 Evacuation Pause)
[2024-04-06T16:21:21.397+0200][gc,task     ] GC(8) Using 4 workers of 4 for evacuation
[2024-04-06T16:21:21.402+0200][gc,phases   ] GC(8)   Pre Evacuate Collection Set: 0.2ms
[2024-04-06T16:21:21.402+0200][gc,phases   ] GC(8)   Merge Heap Roots: 0.1ms
[2024-04-06T16:21:21.402+0200][gc,phases   ] GC(8)   Evacuate Collection Set: 3.8ms
[2024-04-06T16:21:21.402+0200][gc,phases   ] GC(8)   Post Evacuate Collection Set: 0.6ms
[2024-04-06T16:21:21.402+0200][gc,phases   ] GC(8)   Other: 0.1ms
[2024-04-06T16:21:21.402+0200][gc,heap     ] GC(8) Eden regions: 47->0(47)
[2024-04-06T16:21:21.402+0200][gc,heap     ] GC(8) Survivor regions: 4->4(7)
[2024-04-06T16:21:21.402+0200][gc,heap     ] GC(8) Old regions: 14->14
[2024-04-06T16:21:21.402+0200][gc,heap     ] GC(8) Humongous regions: 129->129
[2024-04-06T16:21:21.402+0200][gc,metaspace] GC(8) Metaspace: 41281K(41856K)->41281K(41856K) NonClass: 36594K(36928K)->36594K(36928K) Class: 4686K(4928K)->4686K(4928K)
[2024-04-06T16:21:21.402+0200][gc          ] GC(8) Pause Young (Normal) (G1 Evacuation Pause) 193M->146M(1024M) 5.099ms
[2024-04-06T16:21:21.402+0200][gc,cpu      ] GC(8) User=0.02s Sys=0.00s Real=0.00s
[2024-04-06T16:21:23.928+0200][gc,start    ] GC(9) Pause Young (Normal) (G1 Evacuation Pause)
[2024-04-06T16:21:23.928+0200][gc,task     ] GC(9) Using 4 workers of 4 for evacuation
[2024-04-06T16:21:23.932+0200][gc,phases   ] GC(9)   Pre Evacuate Collection Set: 0.2ms
[2024-04-06T16:21:23.932+0200][gc,phases   ] GC(9)   Merge Heap Roots: 0.0ms
[2024-04-06T16:21:23.932+0200][gc,phases   ] GC(9)   Evacuate Collection Set: 2.6ms
[2024-04-06T16:21:23.932+0200][gc,phases   ] GC(9)   Post Evacuate Collection Set: 0.5ms
[2024-04-06T16:21:23.932+0200][gc,phases   ] GC(9)   Other: 0.1ms
[2024-04-06T16:21:23.932+0200][gc,heap     ] GC(9) Eden regions: 47->0(47)
[2024-04-06T16:21:23.932+0200][gc,heap     ] GC(9) Survivor regions: 4->4(7)
[2024-04-06T16:21:23.932+0200][gc,heap     ] GC(9) Old regions: 14->14
[2024-04-06T16:21:23.932+0200][gc,heap     ] GC(9) Humongous regions: 129->129
[2024-04-06T16:21:23.932+0200][gc,metaspace] GC(9) Metaspace: 41289K(41856K)->41289K(41856K) NonClass: 36602K(36928K)->36602K(36928K) Class: 4686K(4928K)->4686K(4928K)
[2024-04-06T16:21:23.932+0200][gc          ] GC(9) Pause Young (Normal) (G1 Evacuation Pause) 193M->146M(1024M) 3.750ms
[2024-04-06T16:21:23.932+0200][gc,cpu      ] GC(9) User=0.02s Sys=0.00s Real=0.00s
[2024-04-06T16:25:48.741+0200][gc,start    ] GC(10) Pause Young (Normal) (G1 Evacuation Pause)
[2024-04-06T16:25:48.741+0200][gc,task     ] GC(10) Using 4 workers of 4 for evacuation
[2024-04-06T16:25:48.748+0200][gc,phases   ] GC(10)   Pre Evacuate Collection Set: 0.2ms
[2024-04-06T16:25:48.748+0200][gc,phases   ] GC(10)   Merge Heap Roots: 0.1ms
[2024-04-06T16:25:48.748+0200][gc,phases   ] GC(10)   Evacuate Collection Set: 5.9ms
[2024-04-06T16:25:48.748+0200][gc,phases   ] GC(10)   Post Evacuate Collection Set: 0.8ms
[2024-04-06T16:25:48.748+0200][gc,phases   ] GC(10)   Other: 0.1ms
[2024-04-06T16:25:48.749+0200][gc,heap     ] GC(10) Eden regions: 47->0(47)
[2024-04-06T16:25:48.749+0200][gc,heap     ] GC(10) Survivor regions: 4->4(7)
[2024-04-06T16:25:48.749+0200][gc,heap     ] GC(10) Old regions: 14->14
[2024-04-06T16:25:48.749+0200][gc,heap     ] GC(10) Humongous regions: 129->129
[2024-04-06T16:25:48.749+0200][gc,metaspace] GC(10) Metaspace: 41320K(41856K)->41320K(41856K) NonClass: 36634K(36928K)->36634K(36928K) Class: 4686K(4928K)->4686K(4928K)
[2024-04-06T16:25:48.749+0200][gc          ] GC(10) Pause Young (Normal) (G1 Evacuation Pause) 193M->146M(1024M) 8.029ms
[2024-04-06T16:25:48.749+0200][gc,cpu      ] GC(10) User=0.02s Sys=0.00s Real=0.01s
[2024-04-06T17:05:51.065+0200][gc,start    ] GC(11) Pause Young (Normal) (G1 Evacuation Pause)
[2024-04-06T17:05:51.065+0200][gc,task     ] GC(11) Using 4 workers of 4 for evacuation
[2024-04-06T17:05:51.072+0200][gc,phases   ] GC(11)   Pre Evacuate Collection Set: 0.6ms
[2024-04-06T17:05:51.072+0200][gc,phases   ] GC(11)   Merge Heap Roots: 0.2ms
[2024-04-06T17:05:51.072+0200][gc,phases   ] GC(11)   Evacuate Collection Set: 5.4ms
[2024-04-06T17:05:51.072+0200][gc,phases   ] GC(11)   Post Evacuate Collection Set: 0.5ms
[2024-04-06T17:05:51.072+0200][gc,phases   ] GC(11)   Other: 0.2ms
[2024-04-06T17:05:51.072+0200][gc,heap     ] GC(11) Eden regions: 47->0(47)
[2024-04-06T17:05:51.072+0200][gc,heap     ] GC(11) Survivor regions: 4->4(7)
[2024-04-06T17:05:51.072+0200][gc,heap     ] GC(11) Old regions: 14->14
[2024-04-06T17:05:51.072+0200][gc,heap     ] GC(11) Humongous regions: 129->129
[2024-04-06T17:05:51.072+0200][gc,metaspace] GC(11) Metaspace: 41489K(42048K)->41489K(42048K) NonClass: 36802K(37120K)->36802K(37120K) Class: 4686K(4928K)->4686K(4928K)
[2024-04-06T17:05:51.072+0200][gc          ] GC(11) Pause Young (Normal) (G1 Evacuation Pause) 193M->146M(1024M) 7.605ms
[2024-04-06T17:05:51.072+0200][gc,cpu      ] GC(11) User=0.00s Sys=0.00s Real=0.01s
[2024-04-06T18:10:34.149+0200][gc,start    ] GC(12) Pause Young (Normal) (G1 Evacuation Pause)
[2024-04-06T18:10:34.149+0200][gc,task     ] GC(12) Using 4 workers of 4 for evacuation
[2024-04-06T18:10:34.160+0200][gc,phases   ] GC(12)   Pre Evacuate Collection Set: 0.6ms
[2024-04-06T18:10:34.160+0200][gc,phases   ] GC(12)   Merge Heap Roots: 0.2ms
[2024-04-06T18:10:34.162+0200][gc,phases   ] GC(12)   Evacuate Collection Set: 9.4ms
[2024-04-06T18:10:34.162+0200][gc,phases   ] GC(12)   Post Evacuate Collection Set: 1.1ms
[2024-04-06T18:10:34.162+0200][gc,phases   ] GC(12)   Other: 0.5ms
[2024-04-06T18:10:34.162+0200][gc,heap     ] GC(12) Eden regions: 47->0(47)
[2024-04-06T18:10:34.162+0200][gc,heap     ] GC(12) Survivor regions: 4->4(7)
[2024-04-06T18:10:34.162+0200][gc,heap     ] GC(12) Old regions: 14->14
[2024-04-06T18:10:34.162+0200][gc,heap     ] GC(12) Humongous regions: 129->129
[2024-04-06T18:10:34.162+0200][gc,metaspace] GC(12) Metaspace: 41558K(42112K)->41558K(42112K) NonClass: 36871K(37184K)->36871K(37184K) Class: 4687K(4928K)->4687K(4928K)
[2024-04-06T18:10:34.162+0200][gc          ] GC(12) Pause Young (Normal) (G1 Evacuation Pause) 193M->146M(1024M) 12.385ms
[2024-04-06T18:10:34.162+0200][gc,cpu      ] GC(12) User=0.00s Sys=0.00s Real=0.01s
[2024-04-06T18:47:09.060+0200][gc,start    ] GC(13) Pause Young (Normal) (G1 Evacuation Pause)
[2024-04-06T18:47:09.060+0200][gc,task     ] GC(13) Using 4 workers of 4 for evacuation
[2024-04-06T18:47:09.066+0200][gc,phases   ] GC(13)   Pre Evacuate Collection Set: 0.5ms
[2024-04-06T18:47:09.066+0200][gc,phases   ] GC(13)   Merge Heap Roots: 0.1ms
[2024-04-06T18:47:09.066+0200][gc,phases   ] GC(13)   Evacuate Collection Set: 4.5ms
[2024-04-06T18:47:09.066+0200][gc,phases   ] GC(13)   Post Evacuate Collection Set: 0.4ms
[2024-04-06T18:47:09.066+0200][gc,phases   ] GC(13)   Other: 0.1ms
[2024-04-06T18:47:09.066+0200][gc,heap     ] GC(13) Eden regions: 47->0(75)
[2024-04-06T18:47:09.066+0200][gc,heap     ] GC(13) Survivor regions: 4->4(7)
[2024-04-06T18:47:09.066+0200][gc,heap     ] GC(13) Old regions: 14->14
[2024-04-06T18:47:09.066+0200][gc,heap     ] GC(13) Humongous regions: 129->129
[2024-04-06T18:47:09.066+0200][gc,metaspace] GC(13) Metaspace: 41589K(42176K)->41589K(42176K) NonClass: 36902K(37248K)->36902K(37248K) Class: 4687K(4928K)->4687K(4928K)
[2024-04-06T18:47:09.066+0200][gc          ] GC(13) Pause Young (Normal) (G1 Evacuation Pause) 193M->146M(1024M) 6.138ms
[2024-04-06T18:47:09.066+0200][gc,cpu      ] GC(13) User=0.00s Sys=0.00s Real=0.01s
[2024-04-06T19:00:36.763+0200][gc,heap,exit] Heap
[2024-04-06T19:00:36.764+0200][gc,heap,exit]  garbage-first heap   total 1048576K, used 177831K [0x00000000c0000000, 0x0000000100000000)
[2024-04-06T19:00:36.764+0200][gc,heap,exit]   region size 1024K, 31 young (31744K), 4 survivors (4096K)
[2024-04-06T19:00:36.764+0200][gc,heap,exit]  Metaspace       used 42415K, committed 43008K, reserved 1114112K
[2024-04-06T19:00:36.764+0200][gc,heap,exit]   class space    used 4856K, committed 5120K, reserved 1048576K
