[2024-04-06T19:00:49.504+0200][gc,init] CardTable entry size: 512
[2024-04-06T19:00:49.505+0200][gc     ] Using G1
[2024-04-06T19:00:49.513+0200][gc,init] Version: 21.0.2+13-LTS-58 (release)
[2024-04-06T19:00:49.513+0200][gc,init] CPUs: 4 total, 4 available
[2024-04-06T19:00:49.513+0200][gc,init] Memory: 16159M
[2024-04-06T19:00:49.513+0200][gc,init] Large Page Support: Disabled
[2024-04-06T19:00:49.513+0200][gc,init] NUMA Support: Disabled
[2024-04-06T19:00:49.513+0200][gc,init] Compressed Oops: Enabled (32-bit)
[2024-04-06T19:00:49.513+0200][gc,init] Heap Region Size: 1M
[2024-04-06T19:00:49.513+0200][gc,init] Heap Min Capacity: 1G
[2024-04-06T19:00:49.513+0200][gc,init] Heap Initial Capacity: 1G
[2024-04-06T19:00:49.513+0200][gc,init] Heap Max Capacity: 1G
[2024-04-06T19:00:49.513+0200][gc,init] Pre-touch: Disabled
[2024-04-06T19:00:49.513+0200][gc,init] Parallel Workers: 4
[2024-04-06T19:00:49.513+0200][gc,init] Concurrent Workers: 1
[2024-04-06T19:00:49.514+0200][gc,init] Concurrent Refinement Workers: 4
[2024-04-06T19:00:49.514+0200][gc,init] Periodic GC: Disabled
[2024-04-06T19:00:49.527+0200][gc,metaspace] CDS archive(s) mapped at: [0x000002f85d000000-0x000002f85dc90000-0x000002f85dc90000), size 13172736, SharedBaseAddress: 0x000002f85d000000, ArchiveRelocationMode: 1.
[2024-04-06T19:00:49.527+0200][gc,metaspace] Compressed class space mapped at: 0x000002f85e000000-0x000002f89e000000, reserved size: 1073741824
[2024-04-06T19:00:49.527+0200][gc,metaspace] Narrow klass base: 0x000002f85d000000, Narrow klass shift: 0, Narrow klass range: 0x100000000
[2024-04-06T19:00:50.962+0200][gc,start    ] GC(0) Pause Young (Normal) (G1 Evacuation Pause)
[2024-04-06T19:00:50.962+0200][gc,task     ] GC(0) Using 4 workers of 4 for evacuation
[2024-04-06T19:00:50.974+0200][gc,phases   ] GC(0)   Pre Evacuate Collection Set: 0.4ms
[2024-04-06T19:00:50.974+0200][gc,phases   ] GC(0)   Merge Heap Roots: 0.1ms
[2024-04-06T19:00:50.974+0200][gc,phases   ] GC(0)   Evacuate Collection Set: 10.2ms
[2024-04-06T19:00:50.974+0200][gc,phases   ] GC(0)   Post Evacuate Collection Set: 1.2ms
[2024-04-06T19:00:50.974+0200][gc,phases   ] GC(0)   Other: 0.4ms
[2024-04-06T19:00:50.974+0200][gc,heap     ] GC(0) Eden regions: 51->0(44)
[2024-04-06T19:00:50.974+0200][gc,heap     ] GC(0) Survivor regions: 0->7(7)
[2024-04-06T19:00:50.974+0200][gc,heap     ] GC(0) Old regions: 0->2
[2024-04-06T19:00:50.974+0200][gc,heap     ] GC(0) Humongous regions: 0->0
[2024-04-06T19:00:50.974+0200][gc,metaspace] GC(0) Metaspace: 17645K(17920K)->17645K(17920K) NonClass: 15609K(15744K)->15609K(15744K) Class: 2036K(2176K)->2036K(2176K)
[2024-04-06T19:00:50.974+0200][gc          ] GC(0) Pause Young (Normal) (G1 Evacuation Pause) 51M->9M(1024M) 12.491ms
[2024-04-06T19:00:50.974+0200][gc,cpu      ] GC(0) User=0.02s Sys=0.00s Real=0.01s
[2024-04-06T19:00:51.214+0200][gc,start    ] GC(1) Pause Young (Concurrent Start) (Metadata GC Threshold)
[2024-04-06T19:00:51.214+0200][gc,task     ] GC(1) Using 4 workers of 4 for evacuation
[2024-04-06T19:00:51.220+0200][gc,phases   ] GC(1)   Pre Evacuate Collection Set: 0.2ms
[2024-04-06T19:00:51.220+0200][gc,phases   ] GC(1)   Merge Heap Roots: 0.0ms
[2024-04-06T19:00:51.220+0200][gc,phases   ] GC(1)   Evacuate Collection Set: 4.4ms
[2024-04-06T19:00:51.220+0200][gc,phases   ] GC(1)   Post Evacuate Collection Set: 0.5ms
[2024-04-06T19:00:51.220+0200][gc,phases   ] GC(1)   Other: 0.1ms
[2024-04-06T19:00:51.220+0200][gc,heap     ] GC(1) Eden regions: 14->0(50)
[2024-04-06T19:00:51.220+0200][gc,heap     ] GC(1) Survivor regions: 7->1(7)
[2024-04-06T19:00:51.220+0200][gc,heap     ] GC(1) Old regions: 2->10
[2024-04-06T19:00:51.220+0200][gc,heap     ] GC(1) Humongous regions: 0->0
[2024-04-06T19:00:51.220+0200][gc,metaspace] GC(1) Metaspace: 21340K(21504K)->21340K(21504K) NonClass: 18861K(18944K)->18861K(18944K) Class: 2478K(2560K)->2478K(2560K)
[2024-04-06T19:00:51.221+0200][gc          ] GC(1) Pause Young (Concurrent Start) (Metadata GC Threshold) 22M->10M(1024M) 5.618ms
[2024-04-06T19:00:51.221+0200][gc          ] GC(2) Concurrent Mark Cycle
[2024-04-06T19:00:51.221+0200][gc,cpu      ] GC(1) User=0.00s Sys=0.00s Real=0.01s
[2024-04-06T19:00:51.221+0200][gc,marking  ] GC(2) Concurrent Scan Root Regions
[2024-04-06T19:00:51.224+0200][gc,marking  ] GC(2) Concurrent Scan Root Regions 3.548ms
[2024-04-06T19:00:51.224+0200][gc,marking  ] GC(2) Concurrent Mark
[2024-04-06T19:00:51.224+0200][gc,marking  ] GC(2) Concurrent Mark From Roots
[2024-04-06T19:00:51.224+0200][gc,task     ] GC(2) Using 1 workers of 1 for marking
[2024-04-06T19:00:51.227+0200][gc,marking  ] GC(2) Concurrent Mark From Roots 3.416ms
[2024-04-06T19:00:51.227+0200][gc,marking  ] GC(2) Concurrent Preclean
[2024-04-06T19:00:51.227+0200][gc,marking  ] GC(2) Concurrent Preclean 0.021ms
[2024-04-06T19:00:51.227+0200][gc,start    ] GC(2) Pause Remark
[2024-04-06T19:00:51.230+0200][gc          ] GC(2) Pause Remark 11M->11M(1024M) 1.650ms
[2024-04-06T19:00:51.230+0200][gc,cpu      ] GC(2) User=0.00s Sys=0.00s Real=0.00s
[2024-04-06T19:00:51.230+0200][gc,marking  ] GC(2) Concurrent Mark 5.486ms
[2024-04-06T19:00:51.230+0200][gc,marking  ] GC(2) Concurrent Rebuild Remembered Sets and Scrub Regions
[2024-04-06T19:00:51.233+0200][gc,marking  ] GC(2) Concurrent Rebuild Remembered Sets and Scrub Regions 3.553ms
[2024-04-06T19:00:51.233+0200][gc,start    ] GC(2) Pause Cleanup
[2024-04-06T19:00:51.233+0200][gc          ] GC(2) Pause Cleanup 11M->11M(1024M) 0.138ms
[2024-04-06T19:00:51.233+0200][gc,cpu      ] GC(2) User=0.00s Sys=0.00s Real=0.00s
[2024-04-06T19:00:51.233+0200][gc,marking  ] GC(2) Concurrent Clear Claimed Marks
[2024-04-06T19:00:51.233+0200][gc,marking  ] GC(2) Concurrent Clear Claimed Marks 0.039ms
[2024-04-06T19:00:51.233+0200][gc,marking  ] GC(2) Concurrent Cleanup for Next Mark
[2024-04-06T19:00:51.243+0200][gc,marking  ] GC(2) Concurrent Cleanup for Next Mark 9.621ms
[2024-04-06T19:00:51.244+0200][gc          ] GC(2) Concurrent Mark Cycle 22.943ms
[2024-04-06T19:00:52.785+0200][gc,start    ] GC(3) Pause Young (Normal) (G1 Evacuation Pause)
[2024-04-06T19:00:52.785+0200][gc,task     ] GC(3) Using 4 workers of 4 for evacuation
[2024-04-06T19:00:52.790+0200][gc,phases   ] GC(3)   Pre Evacuate Collection Set: 0.1ms
[2024-04-06T19:00:52.790+0200][gc,phases   ] GC(3)   Merge Heap Roots: 0.0ms
[2024-04-06T19:00:52.790+0200][gc,phases   ] GC(3)   Evacuate Collection Set: 5.6ms
[2024-04-06T19:00:52.790+0200][gc,phases   ] GC(3)   Post Evacuate Collection Set: 0.6ms
[2024-04-06T19:00:52.790+0200][gc,phases   ] GC(3)   Other: 0.1ms
[2024-04-06T19:00:52.790+0200][gc,heap     ] GC(3) Eden regions: 50->0(45)
[2024-04-06T19:00:52.790+0200][gc,heap     ] GC(3) Survivor regions: 1->6(7)
[2024-04-06T19:00:52.790+0200][gc,heap     ] GC(3) Old regions: 10->10
[2024-04-06T19:00:52.790+0200][gc,heap     ] GC(3) Humongous regions: 129->129
[2024-04-06T19:00:52.790+0200][gc,metaspace] GC(3) Metaspace: 31160K(31424K)->31160K(31424K) NonClass: 27707K(27840K)->27707K(27840K) Class: 3453K(3584K)->3453K(3584K)
[2024-04-06T19:00:52.790+0200][gc          ] GC(3) Pause Young (Normal) (G1 Evacuation Pause) 189M->143M(1024M) 6.826ms
[2024-04-06T19:00:52.790+0200][gc,cpu      ] GC(3) User=0.02s Sys=0.00s Real=0.00s
[2024-04-06T19:00:53.144+0200][gc,start    ] GC(4) Pause Young (Concurrent Start) (Metadata GC Threshold)
[2024-04-06T19:00:53.144+0200][gc,task     ] GC(4) Using 4 workers of 4 for evacuation
[2024-04-06T19:00:53.151+0200][gc,phases   ] GC(4)   Pre Evacuate Collection Set: 0.2ms
[2024-04-06T19:00:53.151+0200][gc,phases   ] GC(4)   Merge Heap Roots: 0.0ms
[2024-04-06T19:00:53.151+0200][gc,phases   ] GC(4)   Evacuate Collection Set: 5.8ms
[2024-04-06T19:00:53.151+0200][gc,phases   ] GC(4)   Post Evacuate Collection Set: 0.6ms
[2024-04-06T19:00:53.151+0200][gc,phases   ] GC(4)   Other: 0.1ms
[2024-04-06T19:00:53.151+0200][gc,heap     ] GC(4) Eden regions: 19->0(48)
[2024-04-06T19:00:53.151+0200][gc,heap     ] GC(4) Survivor regions: 6->3(7)
[2024-04-06T19:00:53.151+0200][gc,heap     ] GC(4) Old regions: 10->15
[2024-04-06T19:00:53.151+0200][gc,heap     ] GC(4) Humongous regions: 129->129
[2024-04-06T19:00:53.151+0200][gc,metaspace] GC(4) Metaspace: 35566K(35904K)->35566K(35904K) NonClass: 31692K(31872K)->31692K(31872K) Class: 3874K(4032K)->3874K(4032K)
[2024-04-06T19:00:53.151+0200][gc          ] GC(4) Pause Young (Concurrent Start) (Metadata GC Threshold) 161M->145M(1024M) 7.139ms
[2024-04-06T19:00:53.151+0200][gc,cpu      ] GC(4) User=0.00s Sys=0.00s Real=0.01s
[2024-04-06T19:00:53.151+0200][gc          ] GC(5) Concurrent Mark Cycle
[2024-04-06T19:00:53.151+0200][gc,marking  ] GC(5) Concurrent Scan Root Regions
[2024-04-06T19:00:53.157+0200][gc,marking  ] GC(5) Concurrent Scan Root Regions 5.202ms
[2024-04-06T19:00:53.157+0200][gc,marking  ] GC(5) Concurrent Mark
[2024-04-06T19:00:53.157+0200][gc,marking  ] GC(5) Concurrent Mark From Roots
[2024-04-06T19:00:53.157+0200][gc,task     ] GC(5) Using 1 workers of 1 for marking
[2024-04-06T19:00:53.168+0200][gc,marking  ] GC(5) Concurrent Mark From Roots 11.103ms
[2024-04-06T19:00:53.168+0200][gc,marking  ] GC(5) Concurrent Preclean
[2024-04-06T19:00:53.168+0200][gc,marking  ] GC(5) Concurrent Preclean 0.082ms
[2024-04-06T19:00:53.184+0200][gc,start    ] GC(5) Pause Remark
[2024-04-06T19:00:53.187+0200][gc          ] GC(5) Pause Remark 146M->146M(1024M) 3.901ms
[2024-04-06T19:00:53.187+0200][gc,cpu      ] GC(5) User=0.00s Sys=0.00s Real=0.00s
[2024-04-06T19:00:53.189+0200][gc,marking  ] GC(5) Concurrent Mark 32.131ms
[2024-04-06T19:00:53.189+0200][gc,marking  ] GC(5) Concurrent Rebuild Remembered Sets and Scrub Regions
[2024-04-06T19:00:53.197+0200][gc,marking  ] GC(5) Concurrent Rebuild Remembered Sets and Scrub Regions 7.859ms
[2024-04-06T19:00:53.200+0200][gc,start    ] GC(5) Pause Cleanup
[2024-04-06T19:00:53.200+0200][gc          ] GC(5) Pause Cleanup 147M->147M(1024M) 0.314ms
[2024-04-06T19:00:53.200+0200][gc,cpu      ] GC(5) User=0.00s Sys=0.00s Real=0.00s
[2024-04-06T19:00:53.202+0200][gc,marking  ] GC(5) Concurrent Clear Claimed Marks
[2024-04-06T19:00:53.202+0200][gc,marking  ] GC(5) Concurrent Clear Claimed Marks 0.072ms
[2024-04-06T19:00:53.202+0200][gc,marking  ] GC(5) Concurrent Cleanup for Next Mark
[2024-04-06T19:00:53.205+0200][gc,marking  ] GC(5) Concurrent Cleanup for Next Mark 3.520ms
[2024-04-06T19:00:53.205+0200][gc          ] GC(5) Concurrent Mark Cycle 53.681ms
[2024-04-06T19:13:54.269+0200][gc,start    ] GC(6) Pause Young (Prepare Mixed) (G1 Evacuation Pause)
[2024-04-06T19:13:54.269+0200][gc,task     ] GC(6) Using 4 workers of 4 for evacuation
[2024-04-06T19:13:54.279+0200][gc,phases   ] GC(6)   Pre Evacuate Collection Set: 0.3ms
[2024-04-06T19:13:54.279+0200][gc,phases   ] GC(6)   Merge Heap Roots: 0.2ms
[2024-04-06T19:13:54.279+0200][gc,phases   ] GC(6)   Evacuate Collection Set: 7.9ms
[2024-04-06T19:13:54.279+0200][gc,phases   ] GC(6)   Post Evacuate Collection Set: 1.5ms
[2024-04-06T19:13:54.279+0200][gc,phases   ] GC(6)   Other: 0.2ms
[2024-04-06T19:13:54.280+0200][gc,heap     ] GC(6) Eden regions: 48->0(47)
[2024-04-06T19:13:54.280+0200][gc,heap     ] GC(6) Survivor regions: 3->4(7)
[2024-04-06T19:13:54.280+0200][gc,heap     ] GC(6) Old regions: 15->15
[2024-04-06T19:13:54.280+0200][gc,heap     ] GC(6) Humongous regions: 141->129
[2024-04-06T19:13:54.280+0200][gc,metaspace] GC(6) Metaspace: 41482K(42048K)->41482K(42048K) NonClass: 36670K(36992K)->36670K(36992K) Class: 4812K(5056K)->4812K(5056K)
[2024-04-06T19:13:54.280+0200][gc          ] GC(6) Pause Young (Prepare Mixed) (G1 Evacuation Pause) 205M->147M(1024M) 10.778ms
[2024-04-06T19:13:54.280+0200][gc,cpu      ] GC(6) User=0.00s Sys=0.00s Real=0.01s
[2024-04-06T19:48:54.274+0200][gc,start    ] GC(7) Pause Young (Mixed) (G1 Evacuation Pause)
[2024-04-06T19:48:54.275+0200][gc,task     ] GC(7) Using 4 workers of 4 for evacuation
[2024-04-06T19:48:54.283+0200][gc,phases   ] GC(7)   Pre Evacuate Collection Set: 0.4ms
[2024-04-06T19:48:54.283+0200][gc,phases   ] GC(7)   Merge Heap Roots: 0.1ms
[2024-04-06T19:48:54.283+0200][gc,phases   ] GC(7)   Evacuate Collection Set: 6.8ms
[2024-04-06T19:48:54.283+0200][gc,phases   ] GC(7)   Post Evacuate Collection Set: 0.5ms
[2024-04-06T19:48:54.283+0200][gc,phases   ] GC(7)   Other: 0.2ms
[2024-04-06T19:48:54.283+0200][gc,heap     ] GC(7) Eden regions: 47->0(48)
[2024-04-06T19:48:54.283+0200][gc,heap     ] GC(7) Survivor regions: 4->3(7)
[2024-04-06T19:48:54.283+0200][gc,heap     ] GC(7) Old regions: 15->16
[2024-04-06T19:48:54.283+0200][gc,heap     ] GC(7) Humongous regions: 129->129
[2024-04-06T19:48:54.283+0200][gc,metaspace] GC(7) Metaspace: 41745K(42304K)->41745K(42304K) NonClass: 36933K(37248K)->36933K(37248K) Class: 4812K(5056K)->4812K(5056K)
[2024-04-06T19:48:54.283+0200][gc          ] GC(7) Pause Young (Mixed) (G1 Evacuation Pause) 194M->147M(1024M) 8.488ms
[2024-04-06T19:48:54.283+0200][gc,cpu      ] GC(7) User=0.00s Sys=0.00s Real=0.01s
[2024-04-06T20:26:34.266+0200][gc,start    ] GC(8) Pause Young (Normal) (G1 Evacuation Pause)
[2024-04-06T20:26:34.266+0200][gc,task     ] GC(8) Using 4 workers of 4 for evacuation
[2024-04-06T20:26:34.277+0200][gc,phases   ] GC(8)   Pre Evacuate Collection Set: 0.5ms
[2024-04-06T20:26:34.277+0200][gc,phases   ] GC(8)   Merge Heap Roots: 0.2ms
[2024-04-06T20:26:34.277+0200][gc,phases   ] GC(8)   Evacuate Collection Set: 8.4ms
[2024-04-06T20:26:34.277+0200][gc,phases   ] GC(8)   Post Evacuate Collection Set: 0.8ms
[2024-04-06T20:26:34.277+0200][gc,phases   ] GC(8)   Other: 0.1ms
[2024-04-06T20:26:34.277+0200][gc,heap     ] GC(8) Eden regions: 48->0(48)
[2024-04-06T20:26:34.277+0200][gc,heap     ] GC(8) Survivor regions: 3->3(7)
[2024-04-06T20:26:34.277+0200][gc,heap     ] GC(8) Old regions: 16->16
[2024-04-06T20:26:34.277+0200][gc,heap     ] GC(8) Humongous regions: 129->129
[2024-04-06T20:26:34.277+0200][gc,metaspace] GC(8) Metaspace: 41854K(42432K)->41854K(42432K) NonClass: 37038K(37376K)->37038K(37376K) Class: 4815K(5056K)->4815K(5056K)
[2024-04-06T20:26:34.277+0200][gc          ] GC(8) Pause Young (Normal) (G1 Evacuation Pause) 195M->147M(1024M) 10.325ms
[2024-04-06T20:26:34.277+0200][gc,cpu      ] GC(8) User=0.02s Sys=0.00s Real=0.01s
[2024-04-06T20:42:30.295+0200][gc,start    ] GC(9) Pause Young (Normal) (G1 Evacuation Pause)
[2024-04-06T20:42:30.295+0200][gc,task     ] GC(9) Using 4 workers of 4 for evacuation
[2024-04-06T20:42:30.310+0200][gc,phases   ] GC(9)   Pre Evacuate Collection Set: 0.5ms
[2024-04-06T20:42:30.311+0200][gc,phases   ] GC(9)   Merge Heap Roots: 0.2ms
[2024-04-06T20:42:30.311+0200][gc,phases   ] GC(9)   Evacuate Collection Set: 9.3ms
[2024-04-06T20:42:30.311+0200][gc,phases   ] GC(9)   Post Evacuate Collection Set: 1.1ms
[2024-04-06T20:42:30.311+0200][gc,phases   ] GC(9)   Other: 4.1ms
[2024-04-06T20:42:30.311+0200][gc,heap     ] GC(9) Eden regions: 48->0(46)
[2024-04-06T20:42:30.311+0200][gc,heap     ] GC(9) Survivor regions: 3->5(7)
[2024-04-06T20:42:30.311+0200][gc,heap     ] GC(9) Old regions: 16->16
[2024-04-06T20:42:30.311+0200][gc,heap     ] GC(9) Humongous regions: 129->129
[2024-04-06T20:42:30.311+0200][gc,metaspace] GC(9) Metaspace: 43860K(44544K)->43860K(44544K) NonClass: 38785K(39168K)->38785K(39168K) Class: 5074K(5376K)->5074K(5376K)
[2024-04-06T20:42:30.311+0200][gc          ] GC(9) Pause Young (Normal) (G1 Evacuation Pause) 195M->149M(1024M) 15.808ms
[2024-04-06T20:42:30.311+0200][gc,cpu      ] GC(9) User=0.02s Sys=0.00s Real=0.02s
[2024-04-06T23:16:58.582+0200][gc,start    ] GC(10) Pause Young (Normal) (G1 Evacuation Pause)
[2024-04-06T23:16:58.582+0200][gc,task     ] GC(10) Using 4 workers of 4 for evacuation
[2024-04-06T23:16:58.589+0200][gc,phases   ] GC(10)   Pre Evacuate Collection Set: 0.3ms
[2024-04-06T23:16:58.589+0200][gc,phases   ] GC(10)   Merge Heap Roots: 0.1ms
[2024-04-06T23:16:58.589+0200][gc,phases   ] GC(10)   Evacuate Collection Set: 5.8ms
[2024-04-06T23:16:58.589+0200][gc,phases   ] GC(10)   Post Evacuate Collection Set: 0.4ms
[2024-04-06T23:16:58.589+0200][gc,phases   ] GC(10)   Other: 0.1ms
[2024-04-06T23:16:58.589+0200][gc,heap     ] GC(10) Eden regions: 46->0(47)
[2024-04-06T23:16:58.589+0200][gc,heap     ] GC(10) Survivor regions: 5->4(7)
[2024-04-06T23:16:58.589+0200][gc,heap     ] GC(10) Old regions: 16->18
[2024-04-06T23:16:58.589+0200][gc,heap     ] GC(10) Humongous regions: 129->129
[2024-04-06T23:16:58.589+0200][gc,metaspace] GC(10) Metaspace: 44146K(44864K)->44146K(44864K) NonClass: 39033K(39424K)->39033K(39424K) Class: 5113K(5440K)->5113K(5440K)
[2024-04-06T23:16:58.589+0200][gc          ] GC(10) Pause Young (Normal) (G1 Evacuation Pause) 195M->150M(1024M) 6.976ms
[2024-04-06T23:16:58.589+0200][gc,cpu      ] GC(10) User=0.02s Sys=0.00s Real=0.01s
[2024-04-06T23:17:01.574+0200][gc,start    ] GC(11) Pause Young (Normal) (G1 Evacuation Pause)
[2024-04-06T23:17:01.574+0200][gc,task     ] GC(11) Using 4 workers of 4 for evacuation
[2024-04-06T23:17:01.578+0200][gc,phases   ] GC(11)   Pre Evacuate Collection Set: 0.1ms
[2024-04-06T23:17:01.578+0200][gc,phases   ] GC(11)   Merge Heap Roots: 0.0ms
[2024-04-06T23:17:01.578+0200][gc,phases   ] GC(11)   Evacuate Collection Set: 3.4ms
[2024-04-06T23:17:01.578+0200][gc,phases   ] GC(11)   Post Evacuate Collection Set: 0.4ms
[2024-04-06T23:17:01.578+0200][gc,phases   ] GC(11)   Other: 0.1ms
[2024-04-06T23:17:01.578+0200][gc,heap     ] GC(11) Eden regions: 47->0(47)
[2024-04-06T23:17:01.578+0200][gc,heap     ] GC(11) Survivor regions: 4->4(7)
[2024-04-06T23:17:01.578+0200][gc,heap     ] GC(11) Old regions: 18->18
[2024-04-06T23:17:01.578+0200][gc,heap     ] GC(11) Humongous regions: 129->129
[2024-04-06T23:17:01.578+0200][gc,metaspace] GC(11) Metaspace: 44148K(44864K)->44148K(44864K) NonClass: 39034K(39424K)->39034K(39424K) Class: 5113K(5440K)->5113K(5440K)
[2024-04-06T23:17:01.578+0200][gc          ] GC(11) Pause Young (Normal) (G1 Evacuation Pause) 197M->150M(1024M) 4.387ms
[2024-04-06T23:17:01.578+0200][gc,cpu      ] GC(11) User=0.02s Sys=0.00s Real=0.00s
[2024-04-06T23:25:33.840+0200][gc,start    ] GC(12) Pause Young (Normal) (G1 Evacuation Pause)
[2024-04-06T23:25:33.840+0200][gc,task     ] GC(12) Using 4 workers of 4 for evacuation
[2024-04-06T23:25:33.848+0200][gc,phases   ] GC(12)   Pre Evacuate Collection Set: 0.6ms
[2024-04-06T23:25:33.848+0200][gc,phases   ] GC(12)   Merge Heap Roots: 0.2ms
[2024-04-06T23:25:33.848+0200][gc,phases   ] GC(12)   Evacuate Collection Set: 6.3ms
[2024-04-06T23:25:33.848+0200][gc,phases   ] GC(12)   Post Evacuate Collection Set: 0.6ms
[2024-04-06T23:25:33.848+0200][gc,phases   ] GC(12)   Other: 0.2ms
[2024-04-06T23:25:33.848+0200][gc,heap     ] GC(12) Eden regions: 47->0(47)
[2024-04-06T23:25:33.848+0200][gc,heap     ] GC(12) Survivor regions: 4->4(7)
[2024-04-06T23:25:33.848+0200][gc,heap     ] GC(12) Old regions: 18->18
[2024-04-06T23:25:33.848+0200][gc,heap     ] GC(12) Humongous regions: 129->129
[2024-04-06T23:25:33.848+0200][gc,metaspace] GC(12) Metaspace: 44163K(44864K)->44163K(44864K) NonClass: 39049K(39424K)->39049K(39424K) Class: 5113K(5440K)->5113K(5440K)
[2024-04-06T23:25:33.848+0200][gc          ] GC(12) Pause Young (Normal) (G1 Evacuation Pause) 197M->150M(1024M) 8.292ms
[2024-04-06T23:25:33.848+0200][gc,cpu      ] GC(12) User=0.02s Sys=0.00s Real=0.01s
[2024-04-07T08:44:19.809+0200][gc,start    ] GC(13) Pause Young (Normal) (G1 Evacuation Pause)
[2024-04-07T08:44:19.809+0200][gc,task     ] GC(13) Using 4 workers of 4 for evacuation
[2024-04-07T08:44:19.814+0200][gc,phases   ] GC(13)   Pre Evacuate Collection Set: 0.7ms
[2024-04-07T08:44:19.814+0200][gc,phases   ] GC(13)   Merge Heap Roots: 0.1ms
[2024-04-07T08:44:19.814+0200][gc,phases   ] GC(13)   Evacuate Collection Set: 3.9ms
[2024-04-07T08:44:19.814+0200][gc,phases   ] GC(13)   Post Evacuate Collection Set: 0.4ms
[2024-04-07T08:44:19.814+0200][gc,phases   ] GC(13)   Other: 0.2ms
[2024-04-07T08:44:19.814+0200][gc,heap     ] GC(13) Eden regions: 47->0(69)
[2024-04-07T08:44:19.814+0200][gc,heap     ] GC(13) Survivor regions: 4->3(7)
[2024-04-07T08:44:19.814+0200][gc,heap     ] GC(13) Old regions: 18->18
[2024-04-07T08:44:19.814+0200][gc,heap     ] GC(13) Humongous regions: 129->129
[2024-04-07T08:44:19.814+0200][gc,metaspace] GC(13) Metaspace: 44277K(44992K)->44277K(44992K) NonClass: 39148K(39552K)->39148K(39552K) Class: 5128K(5440K)->5128K(5440K)
[2024-04-07T08:44:19.815+0200][gc          ] GC(13) Pause Young (Normal) (G1 Evacuation Pause) 197M->149M(1024M) 5.759ms
[2024-04-07T08:44:19.815+0200][gc,cpu      ] GC(13) User=0.03s Sys=0.00s Real=0.01s
[2024-04-07T08:44:23.913+0200][gc,start    ] GC(14) Pause Young (Normal) (G1 Evacuation Pause)
[2024-04-07T08:44:23.913+0200][gc,task     ] GC(14) Using 4 workers of 4 for evacuation
[2024-04-07T08:44:23.917+0200][gc,phases   ] GC(14)   Pre Evacuate Collection Set: 0.2ms
[2024-04-07T08:44:23.917+0200][gc,phases   ] GC(14)   Merge Heap Roots: 0.1ms
[2024-04-07T08:44:23.917+0200][gc,phases   ] GC(14)   Evacuate Collection Set: 3.3ms
[2024-04-07T08:44:23.917+0200][gc,phases   ] GC(14)   Post Evacuate Collection Set: 0.4ms
[2024-04-07T08:44:23.917+0200][gc,phases   ] GC(14)   Other: 0.1ms
[2024-04-07T08:44:23.917+0200][gc,heap     ] GC(14) Eden regions: 73->0(588)
[2024-04-07T08:44:23.917+0200][gc,heap     ] GC(14) Survivor regions: 3->4(10)
[2024-04-07T08:44:23.917+0200][gc,heap     ] GC(14) Old regions: 18->18
[2024-04-07T08:44:23.917+0200][gc,heap     ] GC(14) Humongous regions: 129->129
[2024-04-07T08:44:23.917+0200][gc,metaspace] GC(14) Metaspace: 44363K(45056K)->44363K(45056K) NonClass: 39234K(39616K)->39234K(39616K) Class: 5128K(5440K)->5128K(5440K)
[2024-04-07T08:44:23.917+0200][gc          ] GC(14) Pause Young (Normal) (G1 Evacuation Pause) 222M->150M(1024M) 4.356ms
[2024-04-07T08:44:23.917+0200][gc,cpu      ] GC(14) User=0.03s Sys=0.00s Real=0.00s
