[2024-04-07T09:18:09.682+0200][gc,init] CardTable entry size: 512
[2024-04-07T09:18:09.682+0200][gc     ] Using G1
[2024-04-07T09:18:09.689+0200][gc,init] Version: 21.0.2+13-LTS-58 (release)
[2024-04-07T09:18:09.689+0200][gc,init] CPUs: 4 total, 4 available
[2024-04-07T09:18:09.689+0200][gc,init] Memory: 16159M
[2024-04-07T09:18:09.689+0200][gc,init] Large Page Support: Disabled
[2024-04-07T09:18:09.689+0200][gc,init] NUMA Support: Disabled
[2024-04-07T09:18:09.689+0200][gc,init] Compressed Oops: Enabled (32-bit)
[2024-04-07T09:18:09.689+0200][gc,init] Heap Region Size: 1M
[2024-04-07T09:18:09.689+0200][gc,init] Heap Min Capacity: 1G
[2024-04-07T09:18:09.690+0200][gc,init] Heap Initial Capacity: 1G
[2024-04-07T09:18:09.690+0200][gc,init] Heap Max Capacity: 1G
[2024-04-07T09:18:09.690+0200][gc,init] Pre-touch: Disabled
[2024-04-07T09:18:09.690+0200][gc,init] Parallel Workers: 4
[2024-04-07T09:18:09.690+0200][gc,init] Concurrent Workers: 1
[2024-04-07T09:18:09.690+0200][gc,init] Concurrent Refinement Workers: 4
[2024-04-07T09:18:09.690+0200][gc,init] Periodic GC: Disabled
[2024-04-07T09:18:09.702+0200][gc,metaspace] CDS archive(s) mapped at: [0x000001b60f000000-0x000001b60fc90000-0x000001b60fc90000), size 13172736, SharedBaseAddress: 0x000001b60f000000, ArchiveRelocationMode: 1.
[2024-04-07T09:18:09.702+0200][gc,metaspace] Compressed class space mapped at: 0x000001b610000000-0x000001b650000000, reserved size: 1073741824
[2024-04-07T09:18:09.702+0200][gc,metaspace] Narrow klass base: 0x000001b60f000000, Narrow klass shift: 0, Narrow klass range: 0x100000000
[2024-04-07T09:18:11.345+0200][gc,start    ] GC(0) Pause Young (Normal) (G1 Evacuation Pause)
[2024-04-07T09:18:11.345+0200][gc,task     ] GC(0) Using 4 workers of 4 for evacuation
[2024-04-07T09:18:11.354+0200][gc,phases   ] GC(0)   Pre Evacuate Collection Set: 0.2ms
[2024-04-07T09:18:11.354+0200][gc,phases   ] GC(0)   Merge Heap Roots: 0.2ms
[2024-04-07T09:18:11.354+0200][gc,phases   ] GC(0)   Evacuate Collection Set: 8.5ms
[2024-04-07T09:18:11.354+0200][gc,phases   ] GC(0)   Post Evacuate Collection Set: 0.8ms
[2024-04-07T09:18:11.354+0200][gc,phases   ] GC(0)   Other: 0.2ms
[2024-04-07T09:18:11.354+0200][gc,heap     ] GC(0) Eden regions: 51->0(44)
[2024-04-07T09:18:11.355+0200][gc,heap     ] GC(0) Survivor regions: 0->7(7)
[2024-04-07T09:18:11.355+0200][gc,heap     ] GC(0) Old regions: 0->2
[2024-04-07T09:18:11.355+0200][gc,heap     ] GC(0) Humongous regions: 0->0
[2024-04-07T09:18:11.355+0200][gc,metaspace] GC(0) Metaspace: 17709K(17984K)->17709K(17984K) NonClass: 15668K(15808K)->15668K(15808K) Class: 2041K(2176K)->2041K(2176K)
[2024-04-07T09:18:11.355+0200][gc          ] GC(0) Pause Young (Normal) (G1 Evacuation Pause) 51M->8M(1024M) 10.446ms
[2024-04-07T09:18:11.355+0200][gc,cpu      ] GC(0) User=0.03s Sys=0.00s Real=0.01s
[2024-04-07T09:18:11.754+0200][gc,start    ] GC(1) Pause Young (Concurrent Start) (Metadata GC Threshold)
[2024-04-07T09:18:11.754+0200][gc,task     ] GC(1) Using 4 workers of 4 for evacuation
[2024-04-07T09:18:11.760+0200][gc,phases   ] GC(1)   Pre Evacuate Collection Set: 0.2ms
[2024-04-07T09:18:11.760+0200][gc,phases   ] GC(1)   Merge Heap Roots: 0.0ms
[2024-04-07T09:18:11.760+0200][gc,phases   ] GC(1)   Evacuate Collection Set: 5.4ms
[2024-04-07T09:18:11.760+0200][gc,phases   ] GC(1)   Post Evacuate Collection Set: 0.6ms
[2024-04-07T09:18:11.760+0200][gc,phases   ] GC(1)   Other: 0.1ms
[2024-04-07T09:18:11.760+0200][gc,heap     ] GC(1) Eden regions: 14->0(49)
[2024-04-07T09:18:11.760+0200][gc,heap     ] GC(1) Survivor regions: 7->2(7)
[2024-04-07T09:18:11.760+0200][gc,heap     ] GC(1) Old regions: 2->9
[2024-04-07T09:18:11.760+0200][gc,heap     ] GC(1) Humongous regions: 0->0
[2024-04-07T09:18:11.760+0200][gc,metaspace] GC(1) Metaspace: 21333K(21504K)->21333K(21504K) NonClass: 18859K(18944K)->18859K(18944K) Class: 2473K(2560K)->2473K(2560K)
[2024-04-07T09:18:11.760+0200][gc          ] GC(1) Pause Young (Concurrent Start) (Metadata GC Threshold) 22M->10M(1024M) 6.661ms
[2024-04-07T09:18:11.760+0200][gc          ] GC(2) Concurrent Mark Cycle
[2024-04-07T09:18:11.760+0200][gc,cpu      ] GC(1) User=0.03s Sys=0.00s Real=0.01s
[2024-04-07T09:18:11.760+0200][gc,marking  ] GC(2) Concurrent Scan Root Regions
[2024-04-07T09:18:11.764+0200][gc,marking  ] GC(2) Concurrent Scan Root Regions 3.315ms
[2024-04-07T09:18:11.764+0200][gc,marking  ] GC(2) Concurrent Mark
[2024-04-07T09:18:11.764+0200][gc,marking  ] GC(2) Concurrent Mark From Roots
[2024-04-07T09:18:11.764+0200][gc,task     ] GC(2) Using 1 workers of 1 for marking
[2024-04-07T09:18:11.767+0200][gc,marking  ] GC(2) Concurrent Mark From Roots 2.862ms
[2024-04-07T09:18:11.767+0200][gc,marking  ] GC(2) Concurrent Preclean
[2024-04-07T09:18:11.767+0200][gc,marking  ] GC(2) Concurrent Preclean 0.023ms
[2024-04-07T09:18:11.767+0200][gc,start    ] GC(2) Pause Remark
[2024-04-07T09:18:11.768+0200][gc          ] GC(2) Pause Remark 10M->10M(1024M) 1.658ms
[2024-04-07T09:18:11.768+0200][gc,cpu      ] GC(2) User=0.00s Sys=0.00s Real=0.00s
[2024-04-07T09:18:11.768+0200][gc,marking  ] GC(2) Concurrent Mark 5.012ms
[2024-04-07T09:18:11.768+0200][gc,marking  ] GC(2) Concurrent Rebuild Remembered Sets and Scrub Regions
[2024-04-07T09:18:11.770+0200][gc,marking  ] GC(2) Concurrent Rebuild Remembered Sets and Scrub Regions 1.643ms
[2024-04-07T09:18:11.771+0200][gc,start    ] GC(2) Pause Cleanup
[2024-04-07T09:18:11.771+0200][gc          ] GC(2) Pause Cleanup 11M->11M(1024M) 0.060ms
[2024-04-07T09:18:11.771+0200][gc,cpu      ] GC(2) User=0.00s Sys=0.00s Real=0.00s
[2024-04-07T09:18:11.771+0200][gc,marking  ] GC(2) Concurrent Clear Claimed Marks
[2024-04-07T09:18:11.771+0200][gc,marking  ] GC(2) Concurrent Clear Claimed Marks 0.040ms
[2024-04-07T09:18:11.771+0200][gc,marking  ] GC(2) Concurrent Cleanup for Next Mark
[2024-04-07T09:18:11.780+0200][gc,marking  ] GC(2) Concurrent Cleanup for Next Mark 8.398ms
[2024-04-07T09:18:11.780+0200][gc          ] GC(2) Concurrent Mark Cycle 19.523ms
[2024-04-07T09:18:13.871+0200][gc,start    ] GC(3) Pause Young (Normal) (G1 Evacuation Pause)
[2024-04-07T09:18:13.871+0200][gc,task     ] GC(3) Using 4 workers of 4 for evacuation
[2024-04-07T09:18:13.878+0200][gc,phases   ] GC(3)   Pre Evacuate Collection Set: 0.4ms
[2024-04-07T09:18:13.878+0200][gc,phases   ] GC(3)   Merge Heap Roots: 0.0ms
[2024-04-07T09:18:13.878+0200][gc,phases   ] GC(3)   Evacuate Collection Set: 4.7ms
[2024-04-07T09:18:13.878+0200][gc,phases   ] GC(3)   Post Evacuate Collection Set: 1.2ms
[2024-04-07T09:18:13.878+0200][gc,phases   ] GC(3)   Other: 0.1ms
[2024-04-07T09:18:13.878+0200][gc,heap     ] GC(3) Eden regions: 49->0(46)
[2024-04-07T09:18:13.878+0200][gc,heap     ] GC(3) Survivor regions: 2->5(7)
[2024-04-07T09:18:13.878+0200][gc,heap     ] GC(3) Old regions: 9->9
[2024-04-07T09:18:13.878+0200][gc,heap     ] GC(3) Humongous regions: 129->129
[2024-04-07T09:18:13.878+0200][gc,metaspace] GC(3) Metaspace: 30743K(31104K)->30743K(31104K) NonClass: 27347K(27584K)->27347K(27584K) Class: 3396K(3520K)->3396K(3520K)
[2024-04-07T09:18:13.878+0200][gc          ] GC(3) Pause Young (Normal) (G1 Evacuation Pause) 188M->142M(1024M) 6.824ms
[2024-04-07T09:18:13.878+0200][gc,cpu      ] GC(3) User=0.02s Sys=0.00s Real=0.01s
[2024-04-07T09:18:14.433+0200][gc,start    ] GC(4) Pause Young (Concurrent Start) (Metadata GC Threshold)
[2024-04-07T09:18:14.433+0200][gc,task     ] GC(4) Using 4 workers of 4 for evacuation
[2024-04-07T09:18:14.439+0200][gc,phases   ] GC(4)   Pre Evacuate Collection Set: 0.2ms
[2024-04-07T09:18:14.439+0200][gc,phases   ] GC(4)   Merge Heap Roots: 0.0ms
[2024-04-07T09:18:14.439+0200][gc,phases   ] GC(4)   Evacuate Collection Set: 5.4ms
[2024-04-07T09:18:14.439+0200][gc,phases   ] GC(4)   Post Evacuate Collection Set: 0.7ms
[2024-04-07T09:18:14.439+0200][gc,phases   ] GC(4)   Other: 0.1ms
[2024-04-07T09:18:14.439+0200][gc,heap     ] GC(4) Eden regions: 21->0(48)
[2024-04-07T09:18:14.439+0200][gc,heap     ] GC(4) Survivor regions: 5->3(7)
[2024-04-07T09:18:14.439+0200][gc,heap     ] GC(4) Old regions: 9->14
[2024-04-07T09:18:14.439+0200][gc,heap     ] GC(4) Humongous regions: 129->129
[2024-04-07T09:18:14.440+0200][gc,metaspace] GC(4) Metaspace: 35770K(36096K)->35770K(36096K) NonClass: 31900K(32064K)->31900K(32064K) Class: 3869K(4032K)->3869K(4032K)
[2024-04-07T09:18:14.440+0200][gc          ] GC(4) Pause Young (Concurrent Start) (Metadata GC Threshold) 163M->145M(1024M) 6.988ms
[2024-04-07T09:18:14.440+0200][gc          ] GC(5) Concurrent Mark Cycle
[2024-04-07T09:18:14.440+0200][gc,cpu      ] GC(4) User=0.02s Sys=0.00s Real=0.01s
[2024-04-07T09:18:14.440+0200][gc,marking  ] GC(5) Concurrent Scan Root Regions
[2024-04-07T09:18:14.445+0200][gc,marking  ] GC(5) Concurrent Scan Root Regions 5.120ms
[2024-04-07T09:18:14.445+0200][gc,marking  ] GC(5) Concurrent Mark
[2024-04-07T09:18:14.445+0200][gc,marking  ] GC(5) Concurrent Mark From Roots
[2024-04-07T09:18:14.445+0200][gc,task     ] GC(5) Using 1 workers of 1 for marking
[2024-04-07T09:18:14.458+0200][gc,marking  ] GC(5) Concurrent Mark From Roots 13.464ms
[2024-04-07T09:18:14.458+0200][gc,marking  ] GC(5) Concurrent Preclean
[2024-04-07T09:18:14.458+0200][gc,marking  ] GC(5) Concurrent Preclean 0.073ms
[2024-04-07T09:18:14.458+0200][gc,start    ] GC(5) Pause Remark
[2024-04-07T09:18:14.461+0200][gc          ] GC(5) Pause Remark 146M->146M(1024M) 2.710ms
[2024-04-07T09:18:14.461+0200][gc,cpu      ] GC(5) User=0.00s Sys=0.00s Real=0.00s
[2024-04-07T09:18:14.463+0200][gc,marking  ] GC(5) Concurrent Mark 18.532ms
[2024-04-07T09:18:14.463+0200][gc,marking  ] GC(5) Concurrent Rebuild Remembered Sets and Scrub Regions
[2024-04-07T09:18:14.470+0200][gc,marking  ] GC(5) Concurrent Rebuild Remembered Sets and Scrub Regions 7.583ms
[2024-04-07T09:18:14.471+0200][gc,start    ] GC(5) Pause Cleanup
[2024-04-07T09:18:14.471+0200][gc          ] GC(5) Pause Cleanup 147M->147M(1024M) 0.137ms
[2024-04-07T09:18:14.471+0200][gc,cpu      ] GC(5) User=0.00s Sys=0.00s Real=0.00s
[2024-04-07T09:18:14.471+0200][gc,marking  ] GC(5) Concurrent Clear Claimed Marks
[2024-04-07T09:18:14.471+0200][gc,marking  ] GC(5) Concurrent Clear Claimed Marks 0.036ms
[2024-04-07T09:18:14.471+0200][gc,marking  ] GC(5) Concurrent Cleanup for Next Mark
[2024-04-07T09:18:14.476+0200][gc,marking  ] GC(5) Concurrent Cleanup for Next Mark 3.984ms
[2024-04-07T09:18:14.476+0200][gc          ] GC(5) Concurrent Mark Cycle 35.991ms
[2024-04-07T09:33:45.658+0200][gc,start    ] GC(6) Pause Young (Prepare Mixed) (G1 Evacuation Pause)
[2024-04-07T09:33:45.659+0200][gc,task     ] GC(6) Using 4 workers of 4 for evacuation
[2024-04-07T09:33:45.665+0200][gc,phases   ] GC(6)   Pre Evacuate Collection Set: 0.8ms
[2024-04-07T09:33:45.665+0200][gc,phases   ] GC(6)   Merge Heap Roots: 0.3ms
[2024-04-07T09:33:45.666+0200][gc,phases   ] GC(6)   Evacuate Collection Set: 4.5ms
[2024-04-07T09:33:45.666+0200][gc,phases   ] GC(6)   Post Evacuate Collection Set: 0.8ms
[2024-04-07T09:33:45.666+0200][gc,phases   ] GC(6)   Other: 0.3ms
[2024-04-07T09:33:45.666+0200][gc,heap     ] GC(6) Eden regions: 48->0(46)
[2024-04-07T09:33:45.666+0200][gc,heap     ] GC(6) Survivor regions: 3->5(7)
[2024-04-07T09:33:45.666+0200][gc,heap     ] GC(6) Old regions: 14->14
[2024-04-07T09:33:45.666+0200][gc,heap     ] GC(6) Humongous regions: 153->129
[2024-04-07T09:33:45.666+0200][gc,metaspace] GC(6) Metaspace: 41009K(41600K)->41009K(41600K) NonClass: 36343K(36672K)->36343K(36672K) Class: 4666K(4928K)->4666K(4928K)
[2024-04-07T09:33:45.666+0200][gc          ] GC(6) Pause Young (Prepare Mixed) (G1 Evacuation Pause) 217M->147M(1024M) 7.156ms
[2024-04-07T09:33:45.666+0200][gc,cpu      ] GC(6) User=0.00s Sys=0.00s Real=0.01s
