[2024-04-06T09:13:24.580+0200][gc,init] CardTable entry size: 512
[2024-04-06T09:13:24.580+0200][gc     ] Using G1
[2024-04-06T09:13:24.587+0200][gc,init] Version: 21.0.2+13-LTS-58 (release)
[2024-04-06T09:13:24.587+0200][gc,init] CPUs: 4 total, 4 available
[2024-04-06T09:13:24.587+0200][gc,init] Memory: 16159M
[2024-04-06T09:13:24.587+0200][gc,init] Large Page Support: Disabled
[2024-04-06T09:13:24.587+0200][gc,init] NUMA Support: Disabled
[2024-04-06T09:13:24.587+0200][gc,init] Compressed Oops: Enabled (32-bit)
[2024-04-06T09:13:24.587+0200][gc,init] Heap Region Size: 1M
[2024-04-06T09:13:24.587+0200][gc,init] Heap Min Capacity: 1G
[2024-04-06T09:13:24.588+0200][gc,init] Heap Initial Capacity: 1G
[2024-04-06T09:13:24.588+0200][gc,init] Heap Max Capacity: 1G
[2024-04-06T09:13:24.588+0200][gc,init] Pre-touch: Disabled
[2024-04-06T09:13:24.588+0200][gc,init] Parallel Workers: 4
[2024-04-06T09:13:24.588+0200][gc,init] Concurrent Workers: 1
[2024-04-06T09:13:24.588+0200][gc,init] Concurrent Refinement Workers: 4
[2024-04-06T09:13:24.588+0200][gc,init] Periodic GC: Disabled
[2024-04-06T09:13:24.600+0200][gc,metaspace] CDS archive(s) mapped at: [0x000001c91b000000-0x000001c91bc90000-0x000001c91bc90000), size 13172736, SharedBaseAddress: 0x000001c91b000000, ArchiveRelocationMode: 1.
[2024-04-06T09:13:24.600+0200][gc,metaspace] Compressed class space mapped at: 0x000001c91c000000-0x000001c95c000000, reserved size: 1073741824
[2024-04-06T09:13:24.600+0200][gc,metaspace] Narrow klass base: 0x000001c91b000000, Narrow klass shift: 0, Narrow klass range: 0x100000000
[2024-04-06T09:13:26.144+0200][gc,start    ] GC(0) Pause Young (Normal) (G1 Evacuation Pause)
[2024-04-06T09:13:26.145+0200][gc,task     ] GC(0) Using 4 workers of 4 for evacuation
[2024-04-06T09:13:26.162+0200][gc,phases   ] GC(0)   Pre Evacuate Collection Set: 0.2ms
[2024-04-06T09:13:26.162+0200][gc,phases   ] GC(0)   Merge Heap Roots: 0.3ms
[2024-04-06T09:13:26.162+0200][gc,phases   ] GC(0)   Evacuate Collection Set: 16.5ms
[2024-04-06T09:13:26.163+0200][gc,phases   ] GC(0)   Post Evacuate Collection Set: 0.9ms
[2024-04-06T09:13:26.163+0200][gc,phases   ] GC(0)   Other: 0.9ms
[2024-04-06T09:13:26.163+0200][gc,heap     ] GC(0) Eden regions: 51->0(44)
[2024-04-06T09:13:26.163+0200][gc,heap     ] GC(0) Survivor regions: 0->7(7)
[2024-04-06T09:13:26.163+0200][gc,heap     ] GC(0) Old regions: 0->2
[2024-04-06T09:13:26.163+0200][gc,heap     ] GC(0) Humongous regions: 0->0
[2024-04-06T09:13:26.163+0200][gc,metaspace] GC(0) Metaspace: 17677K(17920K)->17677K(17920K) NonClass: 15637K(15744K)->15637K(15744K) Class: 2039K(2176K)->2039K(2176K)
[2024-04-06T09:13:26.163+0200][gc          ] GC(0) Pause Young (Normal) (G1 Evacuation Pause) 51M->8M(1024M) 19.289ms
[2024-04-06T09:13:26.163+0200][gc,cpu      ] GC(0) User=0.05s Sys=0.00s Real=0.02s
[2024-04-06T09:13:26.414+0200][gc,start    ] GC(1) Pause Young (Concurrent Start) (Metadata GC Threshold)
[2024-04-06T09:13:26.414+0200][gc,task     ] GC(1) Using 4 workers of 4 for evacuation
[2024-04-06T09:13:26.426+0200][gc,phases   ] GC(1)   Pre Evacuate Collection Set: 0.9ms
[2024-04-06T09:13:26.426+0200][gc,phases   ] GC(1)   Merge Heap Roots: 0.1ms
[2024-04-06T09:13:26.426+0200][gc,phases   ] GC(1)   Evacuate Collection Set: 11.7ms
[2024-04-06T09:13:26.426+0200][gc,phases   ] GC(1)   Post Evacuate Collection Set: 0.6ms
[2024-04-06T09:13:26.426+0200][gc,phases   ] GC(1)   Other: 0.0ms
[2024-04-06T09:13:26.426+0200][gc,heap     ] GC(1) Eden regions: 14->0(49)
[2024-04-06T09:13:26.426+0200][gc,heap     ] GC(1) Survivor regions: 7->2(7)
[2024-04-06T09:13:26.426+0200][gc,heap     ] GC(1) Old regions: 2->9
[2024-04-06T09:13:26.426+0200][gc,heap     ] GC(1) Humongous regions: 0->0
[2024-04-06T09:13:26.426+0200][gc,metaspace] GC(1) Metaspace: 21330K(21504K)->21330K(21504K) NonClass: 18854K(18944K)->18854K(18944K) Class: 2475K(2560K)->2475K(2560K)
[2024-04-06T09:13:26.426+0200][gc          ] GC(1) Pause Young (Concurrent Start) (Metadata GC Threshold) 22M->10M(1024M) 13.513ms
[2024-04-06T09:13:26.426+0200][gc,cpu      ] GC(1) User=0.00s Sys=0.02s Real=0.01s
[2024-04-06T09:13:26.426+0200][gc          ] GC(2) Concurrent Mark Cycle
[2024-04-06T09:13:26.426+0200][gc,marking  ] GC(2) Concurrent Scan Root Regions
[2024-04-06T09:13:26.430+0200][gc,marking  ] GC(2) Concurrent Scan Root Regions 3.134ms
[2024-04-06T09:13:26.430+0200][gc,marking  ] GC(2) Concurrent Mark
[2024-04-06T09:13:26.430+0200][gc,marking  ] GC(2) Concurrent Mark From Roots
[2024-04-06T09:13:26.430+0200][gc,task     ] GC(2) Using 1 workers of 1 for marking
[2024-04-06T09:13:26.433+0200][gc,marking  ] GC(2) Concurrent Mark From Roots 3.728ms
[2024-04-06T09:13:26.433+0200][gc,marking  ] GC(2) Concurrent Preclean
[2024-04-06T09:13:26.433+0200][gc,marking  ] GC(2) Concurrent Preclean 0.020ms
[2024-04-06T09:13:26.433+0200][gc,start    ] GC(2) Pause Remark
[2024-04-06T09:13:26.436+0200][gc          ] GC(2) Pause Remark 11M->11M(1024M) 2.129ms
[2024-04-06T09:13:26.436+0200][gc,cpu      ] GC(2) User=0.00s Sys=0.00s Real=0.00s
[2024-04-06T09:13:26.436+0200][gc,marking  ] GC(2) Concurrent Mark 6.129ms
[2024-04-06T09:13:26.436+0200][gc,marking  ] GC(2) Concurrent Rebuild Remembered Sets and Scrub Regions
[2024-04-06T09:13:26.438+0200][gc,marking  ] GC(2) Concurrent Rebuild Remembered Sets and Scrub Regions 1.576ms
[2024-04-06T09:13:26.438+0200][gc,start    ] GC(2) Pause Cleanup
[2024-04-06T09:13:26.438+0200][gc          ] GC(2) Pause Cleanup 11M->11M(1024M) 0.036ms
[2024-04-06T09:13:26.438+0200][gc,cpu      ] GC(2) User=0.00s Sys=0.00s Real=0.00s
[2024-04-06T09:13:26.438+0200][gc,marking  ] GC(2) Concurrent Clear Claimed Marks
[2024-04-06T09:13:26.438+0200][gc,marking  ] GC(2) Concurrent Clear Claimed Marks 0.033ms
[2024-04-06T09:13:26.438+0200][gc,marking  ] GC(2) Concurrent Cleanup for Next Mark
[2024-04-06T09:13:26.478+0200][gc,marking  ] GC(2) Concurrent Cleanup for Next Mark 39.194ms
[2024-04-06T09:13:26.478+0200][gc          ] GC(2) Concurrent Mark Cycle 50.623ms
[2024-04-06T09:13:27.584+0200][gc,start    ] GC(3) Pause Young (Normal) (G1 Evacuation Pause)
[2024-04-06T09:13:27.584+0200][gc,task     ] GC(3) Using 4 workers of 4 for evacuation
[2024-04-06T09:13:27.592+0200][gc,phases   ] GC(3)   Pre Evacuate Collection Set: 0.2ms
[2024-04-06T09:13:27.592+0200][gc,phases   ] GC(3)   Merge Heap Roots: 0.1ms
[2024-04-06T09:13:27.592+0200][gc,phases   ] GC(3)   Evacuate Collection Set: 7.0ms
[2024-04-06T09:13:27.592+0200][gc,phases   ] GC(3)   Post Evacuate Collection Set: 0.7ms
[2024-04-06T09:13:27.592+0200][gc,phases   ] GC(3)   Other: 0.1ms
[2024-04-06T09:13:27.592+0200][gc,heap     ] GC(3) Eden regions: 49->0(44)
[2024-04-06T09:13:27.592+0200][gc,heap     ] GC(3) Survivor regions: 2->7(7)
[2024-04-06T09:13:27.592+0200][gc,heap     ] GC(3) Old regions: 9->9
[2024-04-06T09:13:27.592+0200][gc,heap     ] GC(3) Humongous regions: 129->129
[2024-04-06T09:13:27.592+0200][gc,metaspace] GC(3) Metaspace: 32476K(32768K)->32476K(32768K) NonClass: 28929K(29056K)->28929K(29056K) Class: 3546K(3712K)->3546K(3712K)
[2024-04-06T09:13:27.592+0200][gc          ] GC(3) Pause Young (Normal) (G1 Evacuation Pause) 188M->144M(1024M) 8.438ms
[2024-04-06T09:13:27.592+0200][gc,cpu      ] GC(3) User=0.02s Sys=0.00s Real=0.01s
[2024-04-06T09:13:28.283+0200][gc,start    ] GC(4) Pause Young (Concurrent Start) (Metadata GC Threshold)
[2024-04-06T09:13:28.283+0200][gc,task     ] GC(4) Using 4 workers of 4 for evacuation
[2024-04-06T09:13:28.288+0200][gc,phases   ] GC(4)   Pre Evacuate Collection Set: 0.3ms
[2024-04-06T09:13:28.288+0200][gc,phases   ] GC(4)   Merge Heap Roots: 0.1ms
[2024-04-06T09:13:28.288+0200][gc,phases   ] GC(4)   Evacuate Collection Set: 4.5ms
[2024-04-06T09:13:28.288+0200][gc,phases   ] GC(4)   Post Evacuate Collection Set: 0.4ms
[2024-04-06T09:13:28.288+0200][gc,phases   ] GC(4)   Other: 0.2ms
[2024-04-06T09:13:28.288+0200][gc,heap     ] GC(4) Eden regions: 14->0(50)
[2024-04-06T09:13:28.288+0200][gc,heap     ] GC(4) Survivor regions: 7->1(7)
[2024-04-06T09:13:28.288+0200][gc,heap     ] GC(4) Old regions: 9->15
[2024-04-06T09:13:28.288+0200][gc,heap     ] GC(4) Humongous regions: 129->129
[2024-04-06T09:13:28.288+0200][gc,metaspace] GC(4) Metaspace: 35764K(36096K)->35764K(36096K) NonClass: 31829K(32000K)->31829K(32000K) Class: 3935K(4096K)->3935K(4096K)
[2024-04-06T09:13:28.288+0200][gc          ] GC(4) Pause Young (Concurrent Start) (Metadata GC Threshold) 157M->144M(1024M) 5.828ms
[2024-04-06T09:13:28.288+0200][gc,cpu      ] GC(4) User=0.00s Sys=0.00s Real=0.01s
[2024-04-06T09:13:28.288+0200][gc          ] GC(5) Concurrent Mark Cycle
[2024-04-06T09:13:28.288+0200][gc,marking  ] GC(5) Concurrent Scan Root Regions
[2024-04-06T09:13:28.293+0200][gc,marking  ] GC(5) Concurrent Scan Root Regions 4.267ms
[2024-04-06T09:13:28.293+0200][gc,marking  ] GC(5) Concurrent Mark
[2024-04-06T09:13:28.293+0200][gc,marking  ] GC(5) Concurrent Mark From Roots
[2024-04-06T09:13:28.293+0200][gc,task     ] GC(5) Using 1 workers of 1 for marking
[2024-04-06T09:13:28.301+0200][gc,marking  ] GC(5) Concurrent Mark From Roots 8.085ms
[2024-04-06T09:13:28.301+0200][gc,marking  ] GC(5) Concurrent Preclean
[2024-04-06T09:13:28.301+0200][gc,marking  ] GC(5) Concurrent Preclean 0.061ms
[2024-04-06T09:13:28.301+0200][gc,start    ] GC(5) Pause Remark
[2024-04-06T09:13:28.303+0200][gc          ] GC(5) Pause Remark 145M->145M(1024M) 2.182ms
[2024-04-06T09:13:28.303+0200][gc,cpu      ] GC(5) User=0.00s Sys=0.00s Real=0.00s
[2024-04-06T09:13:28.304+0200][gc,marking  ] GC(5) Concurrent Mark 10.768ms
[2024-04-06T09:13:28.304+0200][gc,marking  ] GC(5) Concurrent Rebuild Remembered Sets and Scrub Regions
[2024-04-06T09:13:28.311+0200][gc,marking  ] GC(5) Concurrent Rebuild Remembered Sets and Scrub Regions 6.728ms
[2024-04-06T09:13:28.311+0200][gc,start    ] GC(5) Pause Cleanup
[2024-04-06T09:13:28.311+0200][gc          ] GC(5) Pause Cleanup 145M->145M(1024M) 0.174ms
[2024-04-06T09:13:28.311+0200][gc,cpu      ] GC(5) User=0.00s Sys=0.00s Real=0.00s
[2024-04-06T09:13:28.311+0200][gc,marking  ] GC(5) Concurrent Clear Claimed Marks
[2024-04-06T09:13:28.311+0200][gc,marking  ] GC(5) Concurrent Clear Claimed Marks 0.037ms
[2024-04-06T09:13:28.311+0200][gc,marking  ] GC(5) Concurrent Cleanup for Next Mark
[2024-04-06T09:13:28.313+0200][gc,marking  ] GC(5) Concurrent Cleanup for Next Mark 2.782ms
[2024-04-06T09:13:28.313+0200][gc          ] GC(5) Concurrent Mark Cycle 25.226ms
[2024-04-06T10:16:04.468+0200][gc,start    ] GC(6) Pause Young (Prepare Mixed) (G1 Evacuation Pause)
[2024-04-06T10:16:04.468+0200][gc,task     ] GC(6) Using 4 workers of 4 for evacuation
[2024-04-06T10:16:04.474+0200][gc,phases   ] GC(6)   Pre Evacuate Collection Set: 0.4ms
[2024-04-06T10:16:04.474+0200][gc,phases   ] GC(6)   Merge Heap Roots: 0.1ms
[2024-04-06T10:16:04.474+0200][gc,phases   ] GC(6)   Evacuate Collection Set: 4.8ms
[2024-04-06T10:16:04.474+0200][gc,phases   ] GC(6)   Post Evacuate Collection Set: 0.8ms
[2024-04-06T10:16:04.474+0200][gc,phases   ] GC(6)   Other: 0.1ms
[2024-04-06T10:16:04.474+0200][gc,heap     ] GC(6) Eden regions: 50->0(48)
[2024-04-06T10:16:04.474+0200][gc,heap     ] GC(6) Survivor regions: 1->3(7)
[2024-04-06T10:16:04.474+0200][gc,heap     ] GC(6) Old regions: 15->15
[2024-04-06T10:16:04.474+0200][gc,heap     ] GC(6) Humongous regions: 129->129
[2024-04-06T10:16:04.474+0200][gc,metaspace] GC(6) Metaspace: 40477K(41024K)->40477K(41024K) NonClass: 35792K(36096K)->35792K(36096K) Class: 4685K(4928K)->4685K(4928K)
[2024-04-06T10:16:04.474+0200][gc          ] GC(6) Pause Young (Prepare Mixed) (G1 Evacuation Pause) 194M->146M(1024M) 6.757ms
[2024-04-06T10:16:04.474+0200][gc,cpu      ] GC(6) User=0.00s Sys=0.00s Real=0.01s
[2024-04-06T10:28:34.324+0200][gc,start    ] GC(7) Pause Young (Mixed) (G1 Evacuation Pause)
[2024-04-06T10:28:34.324+0200][gc,task     ] GC(7) Using 4 workers of 4 for evacuation
[2024-04-06T10:28:34.344+0200][gc,mmu      ] GC(7) MMU target violated: 20.2ms (20.0ms/21.0ms)
[2024-04-06T10:28:34.345+0200][gc,phases   ] GC(7)   Pre Evacuate Collection Set: 0.6ms
[2024-04-06T10:28:34.345+0200][gc,phases   ] GC(7)   Merge Heap Roots: 0.1ms
[2024-04-06T10:28:34.345+0200][gc,phases   ] GC(7)   Evacuate Collection Set: 18.2ms
[2024-04-06T10:28:34.345+0200][gc,phases   ] GC(7)   Post Evacuate Collection Set: 1.2ms
[2024-04-06T10:28:34.345+0200][gc,phases   ] GC(7)   Other: 0.3ms
[2024-04-06T10:28:34.345+0200][gc,heap     ] GC(7) Eden regions: 48->0(45)
[2024-04-06T10:28:34.345+0200][gc,heap     ] GC(7) Survivor regions: 3->6(7)
[2024-04-06T10:28:34.345+0200][gc,heap     ] GC(7) Old regions: 15->15
[2024-04-06T10:28:34.345+0200][gc,heap     ] GC(7) Humongous regions: 129->129
[2024-04-06T10:28:34.345+0200][gc,metaspace] GC(7) Metaspace: 43926K(44608K)->43926K(44608K) NonClass: 38824K(39232K)->38824K(39232K) Class: 5101K(5376K)->5101K(5376K)
[2024-04-06T10:28:34.345+0200][gc          ] GC(7) Pause Young (Mixed) (G1 Evacuation Pause) 194M->149M(1024M) 21.115ms
[2024-04-06T10:28:34.345+0200][gc,cpu      ] GC(7) User=0.03s Sys=0.00s Real=0.02s
[2024-04-06T10:53:14.473+0200][gc,start    ] GC(8) Pause Young (Normal) (G1 Evacuation Pause)
[2024-04-06T10:53:14.473+0200][gc,task     ] GC(8) Using 4 workers of 4 for evacuation
[2024-04-06T10:53:14.481+0200][gc,phases   ] GC(8)   Pre Evacuate Collection Set: 0.4ms
[2024-04-06T10:53:14.481+0200][gc,phases   ] GC(8)   Merge Heap Roots: 0.1ms
[2024-04-06T10:53:14.481+0200][gc,phases   ] GC(8)   Evacuate Collection Set: 6.5ms
[2024-04-06T10:53:14.481+0200][gc,phases   ] GC(8)   Post Evacuate Collection Set: 0.5ms
[2024-04-06T10:53:14.481+0200][gc,phases   ] GC(8)   Other: 0.1ms
[2024-04-06T10:53:14.481+0200][gc,heap     ] GC(8) Eden regions: 45->0(49)
[2024-04-06T10:53:14.481+0200][gc,heap     ] GC(8) Survivor regions: 6->2(7)
[2024-04-06T10:53:14.481+0200][gc,heap     ] GC(8) Old regions: 15->20
[2024-04-06T10:53:14.481+0200][gc,heap     ] GC(8) Humongous regions: 129->129
[2024-04-06T10:53:14.481+0200][gc,metaspace] GC(8) Metaspace: 44323K(44928K)->44323K(44928K) NonClass: 39150K(39488K)->39150K(39488K) Class: 5173K(5440K)->5173K(5440K)
[2024-04-06T10:53:14.481+0200][gc          ] GC(8) Pause Young (Normal) (G1 Evacuation Pause) 194M->149M(1024M) 8.165ms
[2024-04-06T10:53:14.481+0200][gc,cpu      ] GC(8) User=0.02s Sys=0.00s Real=0.01s
[2024-04-06T11:19:01.731+0200][gc,heap,exit] Heap
[2024-04-06T11:19:01.731+0200][gc,heap,exit]  garbage-first heap   total 1048576K, used 197407K [0x00000000c0000000, 0x0000000100000000)
[2024-04-06T11:19:01.731+0200][gc,heap,exit]   region size 1024K, 46 young (47104K), 2 survivors (2048K)
[2024-04-06T11:19:01.731+0200][gc,heap,exit]  Metaspace       used 45232K, committed 45888K, reserved 1114112K
[2024-04-06T11:19:01.731+0200][gc,heap,exit]   class space    used 5350K, committed 5632K, reserved 1048576K
