[2024-04-07T09:50:16.562+0200][gc,init] CardTable entry size: 512
[2024-04-07T09:50:16.563+0200][gc     ] Using G1
[2024-04-07T09:50:16.569+0200][gc,init] Version: 21.0.2+13-LTS-58 (release)
[2024-04-07T09:50:16.569+0200][gc,init] CPUs: 4 total, 4 available
[2024-04-07T09:50:16.569+0200][gc,init] Memory: 16159M
[2024-04-07T09:50:16.569+0200][gc,init] Large Page Support: Disabled
[2024-04-07T09:50:16.569+0200][gc,init] NUMA Support: Disabled
[2024-04-07T09:50:16.569+0200][gc,init] Compressed Oops: Enabled (32-bit)
[2024-04-07T09:50:16.569+0200][gc,init] Heap Region Size: 1M
[2024-04-07T09:50:16.569+0200][gc,init] Heap Min Capacity: 1G
[2024-04-07T09:50:16.573+0200][gc,init] Heap Initial Capacity: 1G
[2024-04-07T09:50:16.573+0200][gc,init] Heap Max Capacity: 1G
[2024-04-07T09:50:16.573+0200][gc,init] Pre-touch: Disabled
[2024-04-07T09:50:16.573+0200][gc,init] Parallel Workers: 4
[2024-04-07T09:50:16.573+0200][gc,init] Concurrent Workers: 1
[2024-04-07T09:50:16.573+0200][gc,init] Concurrent Refinement Workers: 4
[2024-04-07T09:50:16.573+0200][gc,init] Periodic GC: Disabled
[2024-04-07T09:50:16.586+0200][gc,metaspace] CDS archive(s) mapped at: [0x000002090f000000-0x000002090fc90000-0x000002090fc90000), size 13172736, SharedBaseAddress: 0x000002090f000000, ArchiveRelocationMode: 1.
[2024-04-07T09:50:16.586+0200][gc,metaspace] Compressed class space mapped at: 0x0000020910000000-0x0000020950000000, reserved size: 1073741824
[2024-04-07T09:50:16.586+0200][gc,metaspace] Narrow klass base: 0x000002090f000000, Narrow klass shift: 0, Narrow klass range: 0x100000000
[2024-04-07T09:50:18.202+0200][gc,start    ] GC(0) Pause Young (Normal) (G1 Evacuation Pause)
[2024-04-07T09:50:18.203+0200][gc,task     ] GC(0) Using 4 workers of 4 for evacuation
[2024-04-07T09:50:18.220+0200][gc,phases   ] GC(0)   Pre Evacuate Collection Set: 0.2ms
[2024-04-07T09:50:18.220+0200][gc,phases   ] GC(0)   Merge Heap Roots: 0.2ms
[2024-04-07T09:50:18.220+0200][gc,phases   ] GC(0)   Evacuate Collection Set: 15.3ms
[2024-04-07T09:50:18.220+0200][gc,phases   ] GC(0)   Post Evacuate Collection Set: 0.8ms
[2024-04-07T09:50:18.220+0200][gc,phases   ] GC(0)   Other: 0.5ms
[2024-04-07T09:50:18.220+0200][gc,heap     ] GC(0) Eden regions: 51->0(44)
[2024-04-07T09:50:18.220+0200][gc,heap     ] GC(0) Survivor regions: 0->7(7)
[2024-04-07T09:50:18.220+0200][gc,heap     ] GC(0) Old regions: 0->2
[2024-04-07T09:50:18.220+0200][gc,heap     ] GC(0) Humongous regions: 0->0
[2024-04-07T09:50:18.220+0200][gc,metaspace] GC(0) Metaspace: 17678K(17984K)->17678K(17984K) NonClass: 15636K(15808K)->15636K(15808K) Class: 2042K(2176K)->2042K(2176K)
[2024-04-07T09:50:18.220+0200][gc          ] GC(0) Pause Young (Normal) (G1 Evacuation Pause) 51M->8M(1024M) 17.407ms
[2024-04-07T09:50:18.220+0200][gc,cpu      ] GC(0) User=0.03s Sys=0.02s Real=0.02s
[2024-04-07T09:50:18.492+0200][gc,start    ] GC(1) Pause Young (Concurrent Start) (Metadata GC Threshold)
[2024-04-07T09:50:18.492+0200][gc,task     ] GC(1) Using 4 workers of 4 for evacuation
[2024-04-07T09:50:18.505+0200][gc,phases   ] GC(1)   Pre Evacuate Collection Set: 0.2ms
[2024-04-07T09:50:18.505+0200][gc,phases   ] GC(1)   Merge Heap Roots: 0.0ms
[2024-04-07T09:50:18.505+0200][gc,phases   ] GC(1)   Evacuate Collection Set: 11.6ms
[2024-04-07T09:50:18.505+0200][gc,phases   ] GC(1)   Post Evacuate Collection Set: 0.5ms
[2024-04-07T09:50:18.505+0200][gc,phases   ] GC(1)   Other: 0.1ms
[2024-04-07T09:50:18.505+0200][gc,heap     ] GC(1) Eden regions: 14->0(50)
[2024-04-07T09:50:18.505+0200][gc,heap     ] GC(1) Survivor regions: 7->1(7)
[2024-04-07T09:50:18.505+0200][gc,heap     ] GC(1) Old regions: 2->10
[2024-04-07T09:50:18.505+0200][gc,heap     ] GC(1) Humongous regions: 0->0
[2024-04-07T09:50:18.505+0200][gc,metaspace] GC(1) Metaspace: 21342K(21504K)->21342K(21504K) NonClass: 18862K(18944K)->18862K(18944K) Class: 2480K(2560K)->2480K(2560K)
[2024-04-07T09:50:18.505+0200][gc          ] GC(1) Pause Young (Concurrent Start) (Metadata GC Threshold) 22M->10M(1024M) 12.666ms
[2024-04-07T09:50:18.505+0200][gc          ] GC(2) Concurrent Mark Cycle
[2024-04-07T09:50:18.505+0200][gc,cpu      ] GC(1) User=0.00s Sys=0.02s Real=0.01s
[2024-04-07T09:50:18.505+0200][gc,marking  ] GC(2) Concurrent Scan Root Regions
[2024-04-07T09:50:18.508+0200][gc,marking  ] GC(2) Concurrent Scan Root Regions 3.202ms
[2024-04-07T09:50:18.508+0200][gc,marking  ] GC(2) Concurrent Mark
[2024-04-07T09:50:18.508+0200][gc,marking  ] GC(2) Concurrent Mark From Roots
[2024-04-07T09:50:18.508+0200][gc,task     ] GC(2) Using 1 workers of 1 for marking
[2024-04-07T09:50:18.511+0200][gc,marking  ] GC(2) Concurrent Mark From Roots 3.253ms
[2024-04-07T09:50:18.511+0200][gc,marking  ] GC(2) Concurrent Preclean
[2024-04-07T09:50:18.511+0200][gc,marking  ] GC(2) Concurrent Preclean 0.023ms
[2024-04-07T09:50:18.511+0200][gc,start    ] GC(2) Pause Remark
[2024-04-07T09:50:18.513+0200][gc          ] GC(2) Pause Remark 11M->11M(1024M) 1.578ms
[2024-04-07T09:50:18.513+0200][gc,cpu      ] GC(2) User=0.00s Sys=0.00s Real=0.00s
[2024-04-07T09:50:18.513+0200][gc,marking  ] GC(2) Concurrent Mark 5.433ms
[2024-04-07T09:50:18.513+0200][gc,marking  ] GC(2) Concurrent Rebuild Remembered Sets and Scrub Regions
[2024-04-07T09:50:18.517+0200][gc,marking  ] GC(2) Concurrent Rebuild Remembered Sets and Scrub Regions 3.810ms
[2024-04-07T09:50:18.517+0200][gc,start    ] GC(2) Pause Cleanup
[2024-04-07T09:50:18.517+0200][gc          ] GC(2) Pause Cleanup 11M->11M(1024M) 0.216ms
[2024-04-07T09:50:18.518+0200][gc,cpu      ] GC(2) User=0.00s Sys=0.00s Real=0.00s
[2024-04-07T09:50:18.518+0200][gc,marking  ] GC(2) Concurrent Clear Claimed Marks
[2024-04-07T09:50:18.518+0200][gc,marking  ] GC(2) Concurrent Clear Claimed Marks 0.036ms
[2024-04-07T09:50:18.518+0200][gc,marking  ] GC(2) Concurrent Cleanup for Next Mark
[2024-04-07T09:50:18.551+0200][gc,marking  ] GC(2) Concurrent Cleanup for Next Mark 32.742ms
[2024-04-07T09:50:18.551+0200][gc          ] GC(2) Concurrent Mark Cycle 46.076ms
[2024-04-07T09:50:20.621+0200][gc,start    ] GC(3) Pause Young (Normal) (G1 Evacuation Pause)
[2024-04-07T09:50:20.621+0200][gc,task     ] GC(3) Using 4 workers of 4 for evacuation
[2024-04-07T09:50:20.626+0200][gc,phases   ] GC(3)   Pre Evacuate Collection Set: 0.1ms
[2024-04-07T09:50:20.626+0200][gc,phases   ] GC(3)   Merge Heap Roots: 0.0ms
[2024-04-07T09:50:20.626+0200][gc,phases   ] GC(3)   Evacuate Collection Set: 4.3ms
[2024-04-07T09:50:20.626+0200][gc,phases   ] GC(3)   Post Evacuate Collection Set: 0.5ms
[2024-04-07T09:50:20.626+0200][gc,phases   ] GC(3)   Other: 0.1ms
[2024-04-07T09:50:20.626+0200][gc,heap     ] GC(3) Eden regions: 50->0(46)
[2024-04-07T09:50:20.626+0200][gc,heap     ] GC(3) Survivor regions: 1->5(7)
[2024-04-07T09:50:20.626+0200][gc,heap     ] GC(3) Old regions: 10->10
[2024-04-07T09:50:20.626+0200][gc,heap     ] GC(3) Humongous regions: 129->129
[2024-04-07T09:50:20.626+0200][gc,metaspace] GC(3) Metaspace: 31063K(31424K)->31063K(31424K) NonClass: 27632K(27840K)->27632K(27840K) Class: 3430K(3584K)->3430K(3584K)
[2024-04-07T09:50:20.626+0200][gc          ] GC(3) Pause Young (Normal) (G1 Evacuation Pause) 189M->143M(1024M) 5.322ms
[2024-04-07T09:50:20.626+0200][gc,cpu      ] GC(3) User=0.00s Sys=0.00s Real=0.00s
[2024-04-07T09:50:21.025+0200][gc,start    ] GC(4) Pause Young (Concurrent Start) (Metadata GC Threshold)
[2024-04-07T09:50:21.025+0200][gc,task     ] GC(4) Using 4 workers of 4 for evacuation
[2024-04-07T09:50:21.033+0200][gc,phases   ] GC(4)   Pre Evacuate Collection Set: 0.2ms
[2024-04-07T09:50:21.033+0200][gc,phases   ] GC(4)   Merge Heap Roots: 0.0ms
[2024-04-07T09:50:21.033+0200][gc,phases   ] GC(4)   Evacuate Collection Set: 7.5ms
[2024-04-07T09:50:21.033+0200][gc,phases   ] GC(4)   Post Evacuate Collection Set: 0.6ms
[2024-04-07T09:50:21.033+0200][gc,phases   ] GC(4)   Other: 0.1ms
[2024-04-07T09:50:21.033+0200][gc,heap     ] GC(4) Eden regions: 19->0(48)
[2024-04-07T09:50:21.033+0200][gc,heap     ] GC(4) Survivor regions: 5->3(7)
[2024-04-07T09:50:21.033+0200][gc,heap     ] GC(4) Old regions: 10->15
[2024-04-07T09:50:21.033+0200][gc,heap     ] GC(4) Humongous regions: 129->129
[2024-04-07T09:50:21.034+0200][gc,metaspace] GC(4) Metaspace: 35555K(35904K)->35555K(35904K) NonClass: 31680K(31872K)->31680K(31872K) Class: 3874K(4032K)->3874K(4032K)
[2024-04-07T09:50:21.034+0200][gc          ] GC(4) Pause Young (Concurrent Start) (Metadata GC Threshold) 162M->145M(1024M) 8.829ms
[2024-04-07T09:50:21.034+0200][gc          ] GC(5) Concurrent Mark Cycle
[2024-04-07T09:50:21.034+0200][gc,cpu      ] GC(4) User=0.02s Sys=0.00s Real=0.01s
[2024-04-07T09:50:21.034+0200][gc,marking  ] GC(5) Concurrent Scan Root Regions
[2024-04-07T09:50:21.039+0200][gc,marking  ] GC(5) Concurrent Scan Root Regions 5.202ms
[2024-04-07T09:50:21.039+0200][gc,marking  ] GC(5) Concurrent Mark
[2024-04-07T09:50:21.039+0200][gc,marking  ] GC(5) Concurrent Mark From Roots
[2024-04-07T09:50:21.039+0200][gc,task     ] GC(5) Using 1 workers of 1 for marking
[2024-04-07T09:50:21.049+0200][gc,marking  ] GC(5) Concurrent Mark From Roots 10.073ms
[2024-04-07T09:50:21.049+0200][gc,marking  ] GC(5) Concurrent Preclean
[2024-04-07T09:50:21.049+0200][gc,marking  ] GC(5) Concurrent Preclean 0.074ms
[2024-04-07T09:50:21.058+0200][gc,start    ] GC(5) Pause Remark
[2024-04-07T09:50:21.061+0200][gc          ] GC(5) Pause Remark 146M->146M(1024M) 2.717ms
[2024-04-07T09:50:21.061+0200][gc,cpu      ] GC(5) User=0.00s Sys=0.00s Real=0.00s
[2024-04-07T09:50:21.062+0200][gc,marking  ] GC(5) Concurrent Mark 23.455ms
[2024-04-07T09:50:21.062+0200][gc,marking  ] GC(5) Concurrent Rebuild Remembered Sets and Scrub Regions
[2024-04-07T09:50:21.071+0200][gc,marking  ] GC(5) Concurrent Rebuild Remembered Sets and Scrub Regions 8.084ms
[2024-04-07T09:50:21.071+0200][gc,start    ] GC(5) Pause Cleanup
[2024-04-07T09:50:21.071+0200][gc          ] GC(5) Pause Cleanup 146M->146M(1024M) 0.163ms
[2024-04-07T09:50:21.071+0200][gc,cpu      ] GC(5) User=0.00s Sys=0.00s Real=0.00s
[2024-04-07T09:50:21.072+0200][gc,marking  ] GC(5) Concurrent Clear Claimed Marks
[2024-04-07T09:50:21.072+0200][gc,marking  ] GC(5) Concurrent Clear Claimed Marks 0.079ms
[2024-04-07T09:50:21.072+0200][gc,marking  ] GC(5) Concurrent Cleanup for Next Mark
[2024-04-07T09:50:21.076+0200][gc,marking  ] GC(5) Concurrent Cleanup for Next Mark 4.053ms
[2024-04-07T09:50:21.076+0200][gc          ] GC(5) Concurrent Mark Cycle 42.650ms
[2024-04-07T09:58:42.097+0200][gc,start    ] GC(6) Pause Young (Prepare Mixed) (G1 Evacuation Pause)
[2024-04-07T09:58:42.097+0200][gc,task     ] GC(6) Using 4 workers of 4 for evacuation
[2024-04-07T09:58:42.110+0200][gc,phases   ] GC(6)   Pre Evacuate Collection Set: 0.5ms
[2024-04-07T09:58:42.110+0200][gc,phases   ] GC(6)   Merge Heap Roots: 0.2ms
[2024-04-07T09:58:42.110+0200][gc,phases   ] GC(6)   Evacuate Collection Set: 9.9ms
[2024-04-07T09:58:42.110+0200][gc,phases   ] GC(6)   Post Evacuate Collection Set: 1.2ms
[2024-04-07T09:58:42.110+0200][gc,phases   ] GC(6)   Other: 0.2ms
[2024-04-07T09:58:42.110+0200][gc,heap     ] GC(6) Eden regions: 48->0(46)
[2024-04-07T09:58:42.110+0200][gc,heap     ] GC(6) Survivor regions: 3->5(7)
[2024-04-07T09:58:42.110+0200][gc,heap     ] GC(6) Old regions: 15->15
[2024-04-07T09:58:42.110+0200][gc,heap     ] GC(6) Humongous regions: 153->129
[2024-04-07T09:58:42.110+0200][gc,metaspace] GC(6) Metaspace: 42579K(43264K)->42579K(43264K) NonClass: 37583K(37952K)->37583K(37952K) Class: 4995K(5312K)->4995K(5312K)
[2024-04-07T09:58:42.110+0200][gc          ] GC(6) Pause Young (Prepare Mixed) (G1 Evacuation Pause) 217M->148M(1024M) 12.644ms
[2024-04-07T09:58:42.110+0200][gc,cpu      ] GC(6) User=0.00s Sys=0.00s Real=0.01s
[2024-04-07T10:08:06.114+0200][gc,start    ] GC(7) Pause Young (Mixed) (G1 Evacuation Pause)
[2024-04-07T10:08:06.115+0200][gc,task     ] GC(7) Using 4 workers of 4 for evacuation
[2024-04-07T10:08:06.126+0200][gc,phases   ] GC(7)   Pre Evacuate Collection Set: 0.4ms
[2024-04-07T10:08:06.126+0200][gc,phases   ] GC(7)   Merge Heap Roots: 0.2ms
[2024-04-07T10:08:06.126+0200][gc,phases   ] GC(7)   Evacuate Collection Set: 9.9ms
[2024-04-07T10:08:06.126+0200][gc,phases   ] GC(7)   Post Evacuate Collection Set: 0.9ms
[2024-04-07T10:08:06.126+0200][gc,phases   ] GC(7)   Other: 0.2ms
[2024-04-07T10:08:06.126+0200][gc,heap     ] GC(7) Eden regions: 46->0(45)
[2024-04-07T10:08:06.126+0200][gc,heap     ] GC(7) Survivor regions: 5->6(7)
[2024-04-07T10:08:06.126+0200][gc,heap     ] GC(7) Old regions: 15->16
[2024-04-07T10:08:06.126+0200][gc,heap     ] GC(7) Humongous regions: 129->129
[2024-04-07T10:08:06.126+0200][gc,metaspace] GC(7) Metaspace: 43729K(44416K)->43729K(44416K) NonClass: 38644K(39040K)->38644K(39040K) Class: 5085K(5376K)->5085K(5376K)
[2024-04-07T10:08:06.126+0200][gc          ] GC(7) Pause Young (Mixed) (G1 Evacuation Pause) 194M->150M(1024M) 11.946ms
[2024-04-07T10:08:06.126+0200][gc,cpu      ] GC(7) User=0.00s Sys=0.00s Real=0.01s
[2024-04-07T10:16:50.025+0200][gc,start    ] GC(8) Pause Young (Normal) (G1 Evacuation Pause)
[2024-04-07T10:16:50.025+0200][gc,task     ] GC(8) Using 4 workers of 4 for evacuation
[2024-04-07T10:16:50.040+0200][gc,phases   ] GC(8)   Pre Evacuate Collection Set: 0.5ms
[2024-04-07T10:16:50.040+0200][gc,phases   ] GC(8)   Merge Heap Roots: 0.2ms
[2024-04-07T10:16:50.040+0200][gc,phases   ] GC(8)   Evacuate Collection Set: 12.6ms
[2024-04-07T10:16:50.040+0200][gc,phases   ] GC(8)   Post Evacuate Collection Set: 1.0ms
[2024-04-07T10:16:50.040+0200][gc,phases   ] GC(8)   Other: 0.2ms
[2024-04-07T10:16:50.040+0200][gc,heap     ] GC(8) Eden regions: 45->0(47)
[2024-04-07T10:16:50.040+0200][gc,heap     ] GC(8) Survivor regions: 6->4(7)
[2024-04-07T10:16:50.040+0200][gc,heap     ] GC(8) Old regions: 16->19
[2024-04-07T10:16:50.040+0200][gc,heap     ] GC(8) Humongous regions: 129->129
[2024-04-07T10:16:50.040+0200][gc,metaspace] GC(8) Metaspace: 43797K(44480K)->43797K(44480K) NonClass: 38711K(39104K)->38711K(39104K) Class: 5085K(5376K)->5085K(5376K)
[2024-04-07T10:16:50.040+0200][gc          ] GC(8) Pause Young (Normal) (G1 Evacuation Pause) 195M->150M(1024M) 15.204ms
[2024-04-07T10:16:50.040+0200][gc,cpu      ] GC(8) User=0.02s Sys=0.00s Real=0.01s
[2024-04-07T10:29:17.088+0200][gc,start    ] GC(9) Pause Young (Normal) (G1 Evacuation Pause)
[2024-04-07T10:29:17.088+0200][gc,task     ] GC(9) Using 4 workers of 4 for evacuation
[2024-04-07T10:29:17.094+0200][gc,phases   ] GC(9)   Pre Evacuate Collection Set: 0.4ms
[2024-04-07T10:29:17.094+0200][gc,phases   ] GC(9)   Merge Heap Roots: 0.1ms
[2024-04-07T10:29:17.094+0200][gc,phases   ] GC(9)   Evacuate Collection Set: 5.2ms
[2024-04-07T10:29:17.094+0200][gc,phases   ] GC(9)   Post Evacuate Collection Set: 0.6ms
[2024-04-07T10:29:17.094+0200][gc,phases   ] GC(9)   Other: 0.1ms
[2024-04-07T10:29:17.094+0200][gc,heap     ] GC(9) Eden regions: 47->0(47)
[2024-04-07T10:29:17.094+0200][gc,heap     ] GC(9) Survivor regions: 4->4(7)
[2024-04-07T10:29:17.094+0200][gc,heap     ] GC(9) Old regions: 19->19
[2024-04-07T10:29:17.094+0200][gc,heap     ] GC(9) Humongous regions: 129->129
[2024-04-07T10:29:17.094+0200][gc,metaspace] GC(9) Metaspace: 44076K(44800K)->44076K(44800K) NonClass: 38946K(39360K)->38946K(39360K) Class: 5129K(5440K)->5129K(5440K)
[2024-04-07T10:29:17.094+0200][gc          ] GC(9) Pause Young (Normal) (G1 Evacuation Pause) 197M->150M(1024M) 6.671ms
[2024-04-07T10:29:17.094+0200][gc,cpu      ] GC(9) User=0.00s Sys=0.00s Real=0.01s
[2024-04-07T13:48:08.432+0200][gc,start    ] GC(10) Pause Young (Normal) (G1 Evacuation Pause)
[2024-04-07T13:48:08.432+0200][gc,task     ] GC(10) Using 4 workers of 4 for evacuation
[2024-04-07T13:48:08.437+0200][gc,phases   ] GC(10)   Pre Evacuate Collection Set: 0.2ms
[2024-04-07T13:48:08.437+0200][gc,phases   ] GC(10)   Merge Heap Roots: 0.0ms
[2024-04-07T13:48:08.437+0200][gc,phases   ] GC(10)   Evacuate Collection Set: 4.0ms
[2024-04-07T13:48:08.437+0200][gc,phases   ] GC(10)   Post Evacuate Collection Set: 0.4ms
[2024-04-07T13:48:08.437+0200][gc,phases   ] GC(10)   Other: 0.1ms
[2024-04-07T13:48:08.437+0200][gc,heap     ] GC(10) Eden regions: 47->0(46)
[2024-04-07T13:48:08.437+0200][gc,heap     ] GC(10) Survivor regions: 4->5(7)
[2024-04-07T13:48:08.437+0200][gc,heap     ] GC(10) Old regions: 19->19
[2024-04-07T13:48:08.437+0200][gc,heap     ] GC(10) Humongous regions: 129->129
[2024-04-07T13:48:08.437+0200][gc,metaspace] GC(10) Metaspace: 44325K(44992K)->44325K(44992K) NonClass: 39167K(39552K)->39167K(39552K) Class: 5157K(5440K)->5157K(5440K)
[2024-04-07T13:48:08.437+0200][gc          ] GC(10) Pause Young (Normal) (G1 Evacuation Pause) 197M->152M(1024M) 5.148ms
[2024-04-07T13:48:08.437+0200][gc,cpu      ] GC(10) User=0.05s Sys=0.00s Real=0.01s
[2024-04-07T13:48:10.385+0200][gc,start    ] GC(11) Pause Young (Normal) (G1 Evacuation Pause)
[2024-04-07T13:48:10.385+0200][gc,task     ] GC(11) Using 4 workers of 4 for evacuation
[2024-04-07T13:48:10.389+0200][gc,phases   ] GC(11)   Pre Evacuate Collection Set: 0.1ms
[2024-04-07T13:48:10.389+0200][gc,phases   ] GC(11)   Merge Heap Roots: 0.0ms
[2024-04-07T13:48:10.389+0200][gc,phases   ] GC(11)   Evacuate Collection Set: 3.4ms
[2024-04-07T13:48:10.389+0200][gc,phases   ] GC(11)   Post Evacuate Collection Set: 0.4ms
[2024-04-07T13:48:10.389+0200][gc,phases   ] GC(11)   Other: 0.1ms
[2024-04-07T13:48:10.389+0200][gc,heap     ] GC(11) Eden regions: 46->0(47)
[2024-04-07T13:48:10.389+0200][gc,heap     ] GC(11) Survivor regions: 5->4(7)
[2024-04-07T13:48:10.389+0200][gc,heap     ] GC(11) Old regions: 19->20
[2024-04-07T13:48:10.390+0200][gc,heap     ] GC(11) Humongous regions: 129->129
[2024-04-07T13:48:10.390+0200][gc,metaspace] GC(11) Metaspace: 44325K(44992K)->44325K(44992K) NonClass: 39167K(39552K)->39167K(39552K) Class: 5157K(5440K)->5157K(5440K)
[2024-04-07T13:48:10.390+0200][gc          ] GC(11) Pause Young (Normal) (G1 Evacuation Pause) 198M->152M(1024M) 4.362ms
[2024-04-07T13:48:10.390+0200][gc,cpu      ] GC(11) User=0.03s Sys=0.00s Real=0.01s
[2024-04-07T13:48:12.275+0200][gc,start    ] GC(12) Pause Young (Normal) (G1 Evacuation Pause)
[2024-04-07T13:48:12.275+0200][gc,task     ] GC(12) Using 4 workers of 4 for evacuation
[2024-04-07T13:48:12.278+0200][gc,phases   ] GC(12)   Pre Evacuate Collection Set: 0.1ms
[2024-04-07T13:48:12.279+0200][gc,phases   ] GC(12)   Merge Heap Roots: 0.0ms
[2024-04-07T13:48:12.279+0200][gc,phases   ] GC(12)   Evacuate Collection Set: 2.8ms
[2024-04-07T13:48:12.279+0200][gc,phases   ] GC(12)   Post Evacuate Collection Set: 0.3ms
[2024-04-07T13:48:12.279+0200][gc,phases   ] GC(12)   Other: 0.1ms
[2024-04-07T13:48:12.279+0200][gc,heap     ] GC(12) Eden regions: 47->0(47)
[2024-04-07T13:48:12.279+0200][gc,heap     ] GC(12) Survivor regions: 4->4(7)
[2024-04-07T13:48:12.279+0200][gc,heap     ] GC(12) Old regions: 20->20
[2024-04-07T13:48:12.279+0200][gc,heap     ] GC(12) Humongous regions: 129->129
[2024-04-07T13:48:12.279+0200][gc,metaspace] GC(12) Metaspace: 44339K(45056K)->44339K(45056K) NonClass: 39178K(39616K)->39178K(39616K) Class: 5161K(5440K)->5161K(5440K)
[2024-04-07T13:48:12.279+0200][gc          ] GC(12) Pause Young (Normal) (G1 Evacuation Pause) 199M->151M(1024M) 3.684ms
[2024-04-07T13:48:12.279+0200][gc,cpu      ] GC(12) User=0.03s Sys=0.00s Real=0.00s
[2024-04-07T14:02:50.023+0200][gc,start    ] GC(13) Pause Young (Normal) (G1 Evacuation Pause)
[2024-04-07T14:02:50.023+0200][gc,task     ] GC(13) Using 4 workers of 4 for evacuation
[2024-04-07T14:02:50.029+0200][gc,phases   ] GC(13)   Pre Evacuate Collection Set: 0.4ms
[2024-04-07T14:02:50.029+0200][gc,phases   ] GC(13)   Merge Heap Roots: 0.1ms
[2024-04-07T14:02:50.029+0200][gc,phases   ] GC(13)   Evacuate Collection Set: 4.9ms
[2024-04-07T14:02:50.029+0200][gc,phases   ] GC(13)   Post Evacuate Collection Set: 0.3ms
[2024-04-07T14:02:50.029+0200][gc,phases   ] GC(13)   Other: 0.2ms
[2024-04-07T14:02:50.029+0200][gc,heap     ] GC(13) Eden regions: 47->0(65)
[2024-04-07T14:02:50.029+0200][gc,heap     ] GC(13) Survivor regions: 4->4(7)
[2024-04-07T14:02:50.029+0200][gc,heap     ] GC(13) Old regions: 20->20
[2024-04-07T14:02:50.029+0200][gc,heap     ] GC(13) Humongous regions: 129->129
[2024-04-07T14:02:50.029+0200][gc,metaspace] GC(13) Metaspace: 44371K(45056K)->44371K(45056K) NonClass: 39210K(39616K)->39210K(39616K) Class: 5161K(5440K)->5161K(5440K)
[2024-04-07T14:02:50.030+0200][gc          ] GC(13) Pause Young (Normal) (G1 Evacuation Pause) 198M->151M(1024M) 6.428ms
[2024-04-07T14:02:50.030+0200][gc,cpu      ] GC(13) User=0.00s Sys=0.00s Real=0.01s
[2024-04-07T14:34:07.289+0200][gc,start    ] GC(14) Pause Young (Normal) (G1 Evacuation Pause)
[2024-04-07T14:34:07.289+0200][gc,task     ] GC(14) Using 4 workers of 4 for evacuation
[2024-04-07T14:34:07.295+0200][gc,phases   ] GC(14)   Pre Evacuate Collection Set: 0.3ms
[2024-04-07T14:34:07.295+0200][gc,phases   ] GC(14)   Merge Heap Roots: 0.1ms
[2024-04-07T14:34:07.295+0200][gc,phases   ] GC(14)   Evacuate Collection Set: 5.0ms
[2024-04-07T14:34:07.295+0200][gc,phases   ] GC(14)   Post Evacuate Collection Set: 0.4ms
[2024-04-07T14:34:07.295+0200][gc,phases   ] GC(14)   Other: 0.1ms
[2024-04-07T14:34:07.295+0200][gc,heap     ] GC(14) Eden regions: 68->0(268)
[2024-04-07T14:34:07.295+0200][gc,heap     ] GC(14) Survivor regions: 4->4(9)
[2024-04-07T14:34:07.295+0200][gc,heap     ] GC(14) Old regions: 20->20
[2024-04-07T14:34:07.295+0200][gc,heap     ] GC(14) Humongous regions: 129->129
[2024-04-07T14:34:07.295+0200][gc,metaspace] GC(14) Metaspace: 44482K(45184K)->44482K(45184K) NonClass: 39320K(39744K)->39320K(39744K) Class: 5161K(5440K)->5161K(5440K)
[2024-04-07T14:34:07.295+0200][gc          ] GC(14) Pause Young (Normal) (G1 Evacuation Pause) 219M->152M(1024M) 6.549ms
[2024-04-07T14:34:07.296+0200][gc,cpu      ] GC(14) User=0.00s Sys=0.00s Real=0.01s
