[2024-03-31T20:13:40.800+0200][gc,init] CardTable entry size: 512
[2024-03-31T20:13:40.800+0200][gc     ] Using G1
[2024-03-31T20:13:40.803+0200][gc,init] Version: 21.0.2+13-LTS-58 (release)
[2024-03-31T20:13:40.804+0200][gc,init] CPUs: 4 total, 4 available
[2024-03-31T20:13:40.804+0200][gc,init] Memory: 16159M
[2024-03-31T20:13:40.804+0200][gc,init] Large Page Support: Disabled
[2024-03-31T20:13:40.804+0200][gc,init] NUMA Support: Disabled
[2024-03-31T20:13:40.804+0200][gc,init] Compressed Oops: Enabled (32-bit)
[2024-03-31T20:13:40.804+0200][gc,init] Heap Region Size: 1M
[2024-03-31T20:13:40.804+0200][gc,init] Heap Min Capacity: 512M
[2024-03-31T20:13:40.807+0200][gc,init] Heap Initial Capacity: 512M
[2024-03-31T20:13:40.807+0200][gc,init] Heap Max Capacity: 512M
[2024-03-31T20:13:40.807+0200][gc,init] Pre-touch: Disabled
[2024-03-31T20:13:40.807+0200][gc,init] Parallel Workers: 4
[2024-03-31T20:13:40.807+0200][gc,init] Concurrent Workers: 1
[2024-03-31T20:13:40.807+0200][gc,init] Concurrent Refinement Workers: 4
[2024-03-31T20:13:40.807+0200][gc,init] Periodic GC: Disabled
[2024-03-31T20:13:40.818+0200][gc,metaspace] CDS archive(s) mapped at: [0x000001b800000000-0x000001b800c90000-0x000001b800c90000), size 13172736, SharedBaseAddress: 0x000001b800000000, ArchiveRelocationMode: 1.
[2024-03-31T20:13:40.818+0200][gc,metaspace] Compressed class space mapped at: 0x000001b801000000-0x000001b841000000, reserved size: 1073741824
[2024-03-31T20:13:40.818+0200][gc,metaspace] Narrow klass base: 0x000001b800000000, Narrow klass shift: 0, Narrow klass range: 0x100000000
[2024-03-31T20:13:41.556+0200][gc,start    ] GC(0) Pause Young (Normal) (G1 Evacuation Pause)
[2024-03-31T20:13:41.556+0200][gc,task     ] GC(0) Using 4 workers of 4 for evacuation
[2024-03-31T20:13:41.565+0200][gc,phases   ] GC(0)   Pre Evacuate Collection Set: 0.1ms
[2024-03-31T20:13:41.565+0200][gc,phases   ] GC(0)   Merge Heap Roots: 0.0ms
[2024-03-31T20:13:41.565+0200][gc,phases   ] GC(0)   Evacuate Collection Set: 7.7ms
[2024-03-31T20:13:41.565+0200][gc,phases   ] GC(0)   Post Evacuate Collection Set: 0.6ms
[2024-03-31T20:13:41.565+0200][gc,phases   ] GC(0)   Other: 0.2ms
[2024-03-31T20:13:41.565+0200][gc,heap     ] GC(0) Eden regions: 25->0(21)
[2024-03-31T20:13:41.565+0200][gc,heap     ] GC(0) Survivor regions: 0->4(4)
[2024-03-31T20:13:41.565+0200][gc,heap     ] GC(0) Old regions: 0->5
[2024-03-31T20:13:41.565+0200][gc,heap     ] GC(0) Humongous regions: 0->0
[2024-03-31T20:13:41.565+0200][gc,metaspace] GC(0) Metaspace: 8103K(8320K)->8103K(8320K) NonClass: 7243K(7360K)->7243K(7360K) Class: 859K(960K)->859K(960K)
[2024-03-31T20:13:41.565+0200][gc          ] GC(0) Pause Young (Normal) (G1 Evacuation Pause) 25M->8M(512M) 9.011ms
[2024-03-31T20:13:41.565+0200][gc,cpu      ] GC(0) User=0.02s Sys=0.00s Real=0.01s
