[2024-03-31T17:02:08.076+0200][gc,init] CardTable entry size: 512
[2024-03-31T17:02:08.077+0200][gc     ] Using G1
[2024-03-31T17:02:08.081+0200][gc,init] Version: 21.0.2+13-LTS-58 (release)
[2024-03-31T17:02:08.081+0200][gc,init] CPUs: 4 total, 4 available
[2024-03-31T17:02:08.081+0200][gc,init] Memory: 16159M
[2024-03-31T17:02:08.081+0200][gc,init] Large Page Support: Disabled
[2024-03-31T17:02:08.081+0200][gc,init] NUMA Support: Disabled
[2024-03-31T17:02:08.081+0200][gc,init] Compressed Oops: Enabled (32-bit)
[2024-03-31T17:02:08.081+0200][gc,init] Heap Region Size: 1M
[2024-03-31T17:02:08.081+0200][gc,init] Heap Min Capacity: 512M
[2024-03-31T17:02:08.081+0200][gc,init] Heap Initial Capacity: 512M
[2024-03-31T17:02:08.081+0200][gc,init] Heap Max Capacity: 512M
[2024-03-31T17:02:08.081+0200][gc,init] Pre-touch: Disabled
[2024-03-31T17:02:08.081+0200][gc,init] Parallel Workers: 4
[2024-03-31T17:02:08.081+0200][gc,init] Concurrent Workers: 1
[2024-03-31T17:02:08.081+0200][gc,init] Concurrent Refinement Workers: 4
[2024-03-31T17:02:08.081+0200][gc,init] Periodic GC: Disabled
[2024-03-31T17:02:08.094+0200][gc,metaspace] CDS archive(s) mapped at: [0x0000013b32000000-0x0000013b32c90000-0x0000013b32c90000), size 13172736, SharedBaseAddress: 0x0000013b32000000, ArchiveRelocationMode: 1.
[2024-03-31T17:02:08.094+0200][gc,metaspace] Compressed class space mapped at: 0x0000013b33000000-0x0000013b73000000, reserved size: 1073741824
[2024-03-31T17:02:08.094+0200][gc,metaspace] Narrow klass base: 0x0000013b32000000, Narrow klass shift: 0, Narrow klass range: 0x100000000
[2024-03-31T17:02:08.866+0200][gc,start    ] GC(0) Pause Young (Normal) (G1 Evacuation Pause)
[2024-03-31T17:02:08.866+0200][gc,task     ] GC(0) Using 4 workers of 4 for evacuation
[2024-03-31T17:02:08.875+0200][gc,phases   ] GC(0)   Pre Evacuate Collection Set: 0.1ms
[2024-03-31T17:02:08.875+0200][gc,phases   ] GC(0)   Merge Heap Roots: 0.0ms
[2024-03-31T17:02:08.875+0200][gc,phases   ] GC(0)   Evacuate Collection Set: 7.6ms
[2024-03-31T17:02:08.875+0200][gc,phases   ] GC(0)   Post Evacuate Collection Set: 0.6ms
[2024-03-31T17:02:08.875+0200][gc,phases   ] GC(0)   Other: 0.2ms
[2024-03-31T17:02:08.875+0200][gc,heap     ] GC(0) Eden regions: 25->0(21)
[2024-03-31T17:02:08.875+0200][gc,heap     ] GC(0) Survivor regions: 0->4(4)
[2024-03-31T17:02:08.875+0200][gc,heap     ] GC(0) Old regions: 0->5
[2024-03-31T17:02:08.875+0200][gc,heap     ] GC(0) Humongous regions: 0->0
[2024-03-31T17:02:08.875+0200][gc,metaspace] GC(0) Metaspace: 8107K(8320K)->8107K(8320K) NonClass: 7247K(7360K)->7247K(7360K) Class: 860K(960K)->860K(960K)
[2024-03-31T17:02:08.875+0200][gc          ] GC(0) Pause Young (Normal) (G1 Evacuation Pause) 25M->8M(512M) 9.262ms
[2024-03-31T17:02:08.875+0200][gc,cpu      ] GC(0) User=0.00s Sys=0.02s Real=0.01s
[2024-03-31T17:12:40.758+0200][gc,init] CardTable entry size: 512
[2024-03-31T17:12:40.758+0200][gc     ] Using G1
[2024-03-31T17:12:40.762+0200][gc,init] Version: 21.0.2+13-LTS-58 (release)
[2024-03-31T17:12:40.762+0200][gc,init] CPUs: 4 total, 4 available
[2024-03-31T17:12:40.762+0200][gc,init] Memory: 16159M
[2024-03-31T17:12:40.762+0200][gc,init] Large Page Support: Disabled
[2024-03-31T17:12:40.762+0200][gc,init] NUMA Support: Disabled
[2024-03-31T17:12:40.762+0200][gc,init] Compressed Oops: Enabled (32-bit)
[2024-03-31T17:12:40.762+0200][gc,init] Heap Region Size: 1M
[2024-03-31T17:12:40.762+0200][gc,init] Heap Min Capacity: 512M
[2024-03-31T17:12:40.762+0200][gc,init] Heap Initial Capacity: 512M
[2024-03-31T17:12:40.762+0200][gc,init] Heap Max Capacity: 512M
[2024-03-31T17:12:40.762+0200][gc,init] Pre-touch: Disabled
[2024-03-31T17:12:40.762+0200][gc,init] Parallel Workers: 4
[2024-03-31T17:12:40.762+0200][gc,init] Concurrent Workers: 1
[2024-03-31T17:12:40.762+0200][gc,init] Concurrent Refinement Workers: 4
[2024-03-31T17:12:40.762+0200][gc,init] Periodic GC: Disabled
[2024-03-31T17:12:40.773+0200][gc,metaspace] CDS archive(s) mapped at: [0x0000026698000000-0x0000026698c90000-0x0000026698c90000), size 13172736, SharedBaseAddress: 0x0000026698000000, ArchiveRelocationMode: 1.
[2024-03-31T17:12:40.773+0200][gc,metaspace] Compressed class space mapped at: 0x0000026699000000-0x00000266d9000000, reserved size: 1073741824
[2024-03-31T17:12:40.774+0200][gc,metaspace] Narrow klass base: 0x0000026698000000, Narrow klass shift: 0, Narrow klass range: 0x100000000
[2024-03-31T17:12:41.499+0200][gc,heap,exit] Heap
[2024-03-31T17:12:41.499+0200][gc,heap,exit]  garbage-first heap   total 524288K, used 24578K [0x00000000e0000000, 0x0000000100000000)
[2024-03-31T17:12:41.499+0200][gc,heap,exit]   region size 1024K, 25 young (25600K), 0 survivors (0K)
[2024-03-31T17:12:41.499+0200][gc,heap,exit]  Metaspace       used 8049K, committed 8256K, reserved 1114112K
[2024-03-31T17:12:41.499+0200][gc,heap,exit]   class space    used 858K, committed 960K, reserved 1048576K
[2024-03-31T20:05:58.571+0200][gc,init] CardTable entry size: 512
[2024-03-31T20:05:58.572+0200][gc     ] Using G1
[2024-03-31T20:05:58.575+0200][gc,init] Version: 21.0.2+13-LTS-58 (release)
[2024-03-31T20:05:58.575+0200][gc,init] CPUs: 4 total, 4 available
[2024-03-31T20:05:58.575+0200][gc,init] Memory: 16159M
[2024-03-31T20:05:58.575+0200][gc,init] Large Page Support: Disabled
[2024-03-31T20:05:58.575+0200][gc,init] NUMA Support: Disabled
[2024-03-31T20:05:58.575+0200][gc,init] Compressed Oops: Enabled (32-bit)
[2024-03-31T20:05:58.575+0200][gc,init] Heap Region Size: 1M
[2024-03-31T20:05:58.575+0200][gc,init] Heap Min Capacity: 512M
[2024-03-31T20:05:58.575+0200][gc,init] Heap Initial Capacity: 512M
[2024-03-31T20:05:58.575+0200][gc,init] Heap Max Capacity: 512M
[2024-03-31T20:05:58.575+0200][gc,init] Pre-touch: Disabled
[2024-03-31T20:05:58.575+0200][gc,init] Parallel Workers: 4
[2024-03-31T20:05:58.575+0200][gc,init] Concurrent Workers: 1
[2024-03-31T20:05:58.575+0200][gc,init] Concurrent Refinement Workers: 4
[2024-03-31T20:05:58.575+0200][gc,init] Periodic GC: Disabled
[2024-03-31T20:05:58.587+0200][gc,metaspace] CDS archive(s) mapped at: [0x0000022832000000-0x0000022832c90000-0x0000022832c90000), size 13172736, SharedBaseAddress: 0x0000022832000000, ArchiveRelocationMode: 1.
[2024-03-31T20:05:58.587+0200][gc,metaspace] Compressed class space mapped at: 0x0000022833000000-0x0000022873000000, reserved size: 1073741824
[2024-03-31T20:05:58.587+0200][gc,metaspace] Narrow klass base: 0x0000022832000000, Narrow klass shift: 0, Narrow klass range: 0x100000000
[2024-03-31T20:05:59.374+0200][gc,heap,exit] Heap
[2024-03-31T20:05:59.374+0200][gc,heap,exit]  garbage-first heap   total 524288K, used 24578K [0x00000000e0000000, 0x0000000100000000)
[2024-03-31T20:05:59.374+0200][gc,heap,exit]   region size 1024K, 25 young (25600K), 0 survivors (0K)
[2024-03-31T20:05:59.374+0200][gc,heap,exit]  Metaspace       used 8073K, committed 8256K, reserved 1114112K
[2024-03-31T20:05:59.374+0200][gc,heap,exit]   class space    used 859K, committed 960K, reserved 1048576K
[2024-03-31T20:06:30.449+0200][gc,init] CardTable entry size: 512
[2024-03-31T20:06:30.449+0200][gc     ] Using G1
[2024-03-31T20:06:30.453+0200][gc,init] Version: 21.0.2+13-LTS-58 (release)
[2024-03-31T20:06:30.453+0200][gc,init] CPUs: 4 total, 4 available
[2024-03-31T20:06:30.453+0200][gc,init] Memory: 16159M
[2024-03-31T20:06:30.453+0200][gc,init] Large Page Support: Disabled
[2024-03-31T20:06:30.453+0200][gc,init] NUMA Support: Disabled
[2024-03-31T20:06:30.453+0200][gc,init] Compressed Oops: Enabled (32-bit)
[2024-03-31T20:06:30.453+0200][gc,init] Heap Region Size: 1M
[2024-03-31T20:06:30.453+0200][gc,init] Heap Min Capacity: 512M
[2024-03-31T20:06:30.453+0200][gc,init] Heap Initial Capacity: 512M
[2024-03-31T20:06:30.453+0200][gc,init] Heap Max Capacity: 512M
[2024-03-31T20:06:30.453+0200][gc,init] Pre-touch: Disabled
[2024-03-31T20:06:30.453+0200][gc,init] Parallel Workers: 4
[2024-03-31T20:06:30.453+0200][gc,init] Concurrent Workers: 1
[2024-03-31T20:06:30.453+0200][gc,init] Concurrent Refinement Workers: 4
[2024-03-31T20:06:30.453+0200][gc,init] Periodic GC: Disabled
[2024-03-31T20:06:30.465+0200][gc,metaspace] CDS archive(s) mapped at: [0x0000029280000000-0x0000029280c90000-0x0000029280c90000), size 13172736, SharedBaseAddress: 0x0000029280000000, ArchiveRelocationMode: 1.
[2024-03-31T20:06:30.465+0200][gc,metaspace] Compressed class space mapped at: 0x0000029281000000-0x00000292c1000000, reserved size: 1073741824
[2024-03-31T20:06:30.465+0200][gc,metaspace] Narrow klass base: 0x0000029280000000, Narrow klass shift: 0, Narrow klass range: 0x100000000
[2024-03-31T20:06:31.206+0200][gc,heap,exit] Heap
[2024-03-31T20:06:31.206+0200][gc,heap,exit]  garbage-first heap   total 524288K, used 24578K [0x00000000e0000000, 0x0000000100000000)
[2024-03-31T20:06:31.206+0200][gc,heap,exit]   region size 1024K, 25 young (25600K), 0 survivors (0K)
[2024-03-31T20:06:31.206+0200][gc,heap,exit]  Metaspace       used 8061K, committed 8256K, reserved 1114112K
[2024-03-31T20:06:31.206+0200][gc,heap,exit]   class space    used 858K, committed 960K, reserved 1048576K
