[2024-04-06T11:26:39.770+0200][gc,init] CardTable entry size: 512
[2024-04-06T11:26:39.770+0200][gc     ] Using G1
[2024-04-06T11:26:39.774+0200][gc,init] Version: 21.0.2+13-LTS-58 (release)
[2024-04-06T11:26:39.774+0200][gc,init] CPUs: 4 total, 4 available
[2024-04-06T11:26:39.774+0200][gc,init] Memory: 16159M
[2024-04-06T11:26:39.774+0200][gc,init] Large Page Support: Disabled
[2024-04-06T11:26:39.774+0200][gc,init] NUMA Support: Disabled
[2024-04-06T11:26:39.774+0200][gc,init] Compressed Oops: Enabled (32-bit)
[2024-04-06T11:26:39.774+0200][gc,init] Heap Region Size: 1M
[2024-04-06T11:26:39.774+0200][gc,init] Heap Min Capacity: 512M
[2024-04-06T11:26:39.774+0200][gc,init] Heap Initial Capacity: 512M
[2024-04-06T11:26:39.775+0200][gc,init] Heap Max Capacity: 512M
[2024-04-06T11:26:39.775+0200][gc,init] Pre-touch: Disabled
[2024-04-06T11:26:39.775+0200][gc,init] Parallel Workers: 4
[2024-04-06T11:26:39.775+0200][gc,init] Concurrent Workers: 1
[2024-04-06T11:26:39.775+0200][gc,init] Concurrent Refinement Workers: 4
[2024-04-06T11:26:39.775+0200][gc,init] Periodic GC: Disabled
[2024-04-06T11:26:39.788+0200][gc,metaspace] CDS archive(s) mapped at: [0x000001b480000000-0x000001b480c90000-0x000001b480c90000), size 13172736, SharedBaseAddress: 0x000001b480000000, ArchiveRelocationMode: 1.
[2024-04-06T11:26:39.788+0200][gc,metaspace] Compressed class space mapped at: 0x000001b481000000-0x000001b4c1000000, reserved size: 1073741824
[2024-04-06T11:26:39.788+0200][gc,metaspace] Narrow klass base: 0x000001b480000000, Narrow klass shift: 0, Narrow klass range: 0x100000000
[2024-04-06T11:26:41.339+0200][gc,start    ] GC(0) Pause Young (Normal) (G1 Evacuation Pause)
[2024-04-06T11:26:41.340+0200][gc,task     ] GC(0) Using 4 workers of 4 for evacuation
[2024-04-06T11:26:41.352+0200][gc,phases   ] GC(0)   Pre Evacuate Collection Set: 0.1ms
[2024-04-06T11:26:41.352+0200][gc,phases   ] GC(0)   Merge Heap Roots: 0.0ms
[2024-04-06T11:26:41.352+0200][gc,phases   ] GC(0)   Evacuate Collection Set: 11.2ms
[2024-04-06T11:26:41.352+0200][gc,phases   ] GC(0)   Post Evacuate Collection Set: 0.7ms
[2024-04-06T11:26:41.352+0200][gc,phases   ] GC(0)   Other: 0.3ms
[2024-04-06T11:26:41.352+0200][gc,heap     ] GC(0) Eden regions: 25->0(21)
[2024-04-06T11:26:41.352+0200][gc,heap     ] GC(0) Survivor regions: 0->4(4)
[2024-04-06T11:26:41.352+0200][gc,heap     ] GC(0) Old regions: 0->5
[2024-04-06T11:26:41.352+0200][gc,heap     ] GC(0) Humongous regions: 0->0
[2024-04-06T11:26:41.352+0200][gc,metaspace] GC(0) Metaspace: 8168K(8384K)->8168K(8384K) NonClass: 7304K(7424K)->7304K(7424K) Class: 863K(960K)->863K(960K)
[2024-04-06T11:26:41.352+0200][gc          ] GC(0) Pause Young (Normal) (G1 Evacuation Pause) 25M->8M(512M) 12.767ms
[2024-04-06T11:26:41.352+0200][gc,cpu      ] GC(0) User=0.00s Sys=0.00s Real=0.01s
[2024-04-06T20:44:49.706+0200][gc,start    ] GC(1) Pause Young (Normal) (G1 Evacuation Pause)
[2024-04-06T20:44:49.711+0200][gc,task     ] GC(1) Using 4 workers of 4 for evacuation
[2024-04-06T20:44:49.759+0200][gc,mmu      ] GC(1) MMU target violated: 21.0ms (20.0ms/21.0ms)
[2024-04-06T20:44:49.759+0200][gc,phases   ] GC(1)   Pre Evacuate Collection Set: 4.4ms
[2024-04-06T20:44:49.759+0200][gc,phases   ] GC(1)   Merge Heap Roots: 0.8ms
[2024-04-06T20:44:49.759+0200][gc,phases   ] GC(1)   Evacuate Collection Set: 40.7ms
[2024-04-06T20:44:49.759+0200][gc,phases   ] GC(1)   Post Evacuate Collection Set: 1.0ms
[2024-04-06T20:44:49.759+0200][gc,phases   ] GC(1)   Other: 3.0ms
[2024-04-06T20:44:49.759+0200][gc,heap     ] GC(1) Eden regions: 21->0(24)
[2024-04-06T20:44:49.759+0200][gc,heap     ] GC(1) Survivor regions: 4->1(4)
[2024-04-06T20:44:49.759+0200][gc,heap     ] GC(1) Old regions: 5->10
[2024-04-06T20:44:49.759+0200][gc,heap     ] GC(1) Humongous regions: 0->0
[2024-04-06T20:44:49.759+0200][gc,metaspace] GC(1) Metaspace: 10012K(10240K)->10012K(10240K) NonClass: 8995K(9152K)->8995K(9152K) Class: 1017K(1088K)->1017K(1088K)
[2024-04-06T20:44:49.759+0200][gc          ] GC(1) Pause Young (Normal) (G1 Evacuation Pause) 29M->9M(512M) 53.201ms
[2024-04-06T20:44:49.759+0200][gc,cpu      ] GC(1) User=0.00s Sys=0.05s Real=0.05s
